../utilities/fsl_debug_console.c:156:5:DbgConsole_Putchar	16	static
../utilities/fsl_debug_console.c:278:16:DbgConsole_ConvertRadixNumToString.constprop	32	static
../utilities/fsl_debug_console.c:75:10:DbgConsole_Init	40	static
../utilities/fsl_debug_console.c:110:10:DbgConsole_Deinit	8	static
../utilities/fsl_debug_console.c:140:5:DbgConsole_Vprintf	96	static
../utilities/fsl_debug_console.c:127:5:DbgConsole_Printf	16	static
../utilities/fsl_debug_console.c:228:5:DbgConsole_Getchar	16	static
../utilities/fsl_debug_console.c:169:5:DbgConsole_Scanf	48	static
