../littleshell/littleshell.c:24:6:littleshell_system_function_init	16	static
../littleshell/littleshell.c:31:6:littleshell_system_init	8	static
../littleshell/littleshell.c:43:29:littleshell_syscall_lookup	24	static
../littleshell/littleshell.c:55:12:str_common	24	static
../littleshell/littleshell.c:68:13:shell_auto_complete	48	static
../littleshell/littleshell.c:121:13:littleshell_parse_args	24	static
../littleshell/littleshell.c:151:5:littleshell_interpret	152	static
../littleshell/littleshell.c:172:15:littleshell_process_line	24	static
../littleshell/littleshell.c:226:13:shell_handle_history	16	static
../littleshell/littleshell.c:233:13:shell_push_history	24	static
../littleshell/littleshell.c:278:6:littleshell_main_entry	48	static
../littleshell/littleshell.c:499:14:hello	16	static
../littleshell/littleshell.c:507:14:symbol	16	static
