Archive member included to satisfy reference by file (symbol)

c:/nxp/mcuxpressoide_11.7.1_9221/ide/plugins/com.nxp.mcuxpresso.tools.win32_11.7.1.202301190959/tools/bin/../lib/gcc/arm-none-eabi/10.3.1/../../../../arm-none-eabi/lib/thumb/v6-m/nofp\libcr_nohost_nf.a(_cr__main.o)
                              ./startup/startup_lpc845.o (__main)
c:/nxp/mcuxpressoide_11.7.1_9221/ide/plugins/com.nxp.mcuxpresso.tools.win32_11.7.1.202301190959/tools/bin/../lib/gcc/arm-none-eabi/10.3.1/../../../../arm-none-eabi/lib/thumb/v6-m/nofp\libcr_c.a(memcpy.o)
                              ./utilities/fsl_debug_console.o (memcpy)
c:/nxp/mcuxpressoide_11.7.1_9221/ide/plugins/com.nxp.mcuxpresso.tools.win32_11.7.1.202301190959/tools/bin/../lib/gcc/arm-none-eabi/10.3.1/../../../../arm-none-eabi/lib/thumb/v6-m/nofp\libcr_c.a(memmove.o)
                              ./littleshell/littleshell.o (memmove)
c:/nxp/mcuxpressoide_11.7.1_9221/ide/plugins/com.nxp.mcuxpresso.tools.win32_11.7.1.202301190959/tools/bin/../lib/gcc/arm-none-eabi/10.3.1/../../../../arm-none-eabi/lib/thumb/v6-m/nofp\libcr_c.a(memset.o)
                              ./littleshell/littleshell.o (memset)
c:/nxp/mcuxpressoide_11.7.1_9221/ide/plugins/com.nxp.mcuxpresso.tools.win32_11.7.1.202301190959/tools/bin/../lib/gcc/arm-none-eabi/10.3.1/../../../../arm-none-eabi/lib/thumb/v6-m/nofp\libcr_c.a(alloc.o)
                              ./drivers/fsl_common.o (malloc)
c:/nxp/mcuxpressoide_11.7.1_9221/ide/plugins/com.nxp.mcuxpresso.tools.win32_11.7.1.202301190959/tools/bin/../lib/gcc/arm-none-eabi/10.3.1/../../../../arm-none-eabi/lib/thumb/v6-m/nofp\libcr_c.a(errno.o)
                              ./utilities/fsl_str.o (errno)
c:/nxp/mcuxpressoide_11.7.1_9221/ide/plugins/com.nxp.mcuxpresso.tools.win32_11.7.1.202301190959/tools/bin/../lib/gcc/arm-none-eabi/10.3.1/../../../../arm-none-eabi/lib/thumb/v6-m/nofp\libcr_c.a(initio.o)
                              c:/nxp/mcuxpressoide_11.7.1_9221/ide/plugins/com.nxp.mcuxpresso.tools.win32_11.7.1.202301190959/tools/bin/../lib/gcc/arm-none-eabi/10.3.1/../../../../arm-none-eabi/lib/thumb/v6-m/nofp\libcr_nohost_nf.a(_cr__main.o) (_initio)
c:/nxp/mcuxpressoide_11.7.1_9221/ide/plugins/com.nxp.mcuxpresso.tools.win32_11.7.1.202301190959/tools/bin/../lib/gcc/arm-none-eabi/10.3.1/../../../../arm-none-eabi/lib/thumb/v6-m/nofp\libcr_c.a(memcmp.o)
                              ./littleshell/littleshell.o (memcmp)
c:/nxp/mcuxpressoide_11.7.1_9221/ide/plugins/com.nxp.mcuxpresso.tools.win32_11.7.1.202301190959/tools/bin/../lib/gcc/arm-none-eabi/10.3.1/../../../../arm-none-eabi/lib/thumb/v6-m/nofp\libcr_c.a(printf.o)
                              ./littleshell/littleshell.o (_printf)
c:/nxp/mcuxpressoide_11.7.1_9221/ide/plugins/com.nxp.mcuxpresso.tools.win32_11.7.1.202301190959/tools/bin/../lib/gcc/arm-none-eabi/10.3.1/../../../../arm-none-eabi/lib/thumb/v6-m/nofp\libcr_c.a(scanf.o)
                              ./utilities/fsl_str.o (strtoul)
c:/nxp/mcuxpressoide_11.7.1_9221/ide/plugins/com.nxp.mcuxpresso.tools.win32_11.7.1.202301190959/tools/bin/../lib/gcc/arm-none-eabi/10.3.1/../../../../arm-none-eabi/lib/thumb/v6-m/nofp\libcr_c.a(setvbuf.o)
                              c:/nxp/mcuxpressoide_11.7.1_9221/ide/plugins/com.nxp.mcuxpresso.tools.win32_11.7.1.202301190959/tools/bin/../lib/gcc/arm-none-eabi/10.3.1/../../../../arm-none-eabi/lib/thumb/v6-m/nofp\libcr_c.a(initio.o) (setvbuf)
c:/nxp/mcuxpressoide_11.7.1_9221/ide/plugins/com.nxp.mcuxpresso.tools.win32_11.7.1.202301190959/tools/bin/../lib/gcc/arm-none-eabi/10.3.1/../../../../arm-none-eabi/lib/thumb/v6-m/nofp\libcr_c.a(strcmp.o)
                              ./source/hello_world.o (strcmp)
c:/nxp/mcuxpressoide_11.7.1_9221/ide/plugins/com.nxp.mcuxpresso.tools.win32_11.7.1.202301190959/tools/bin/../lib/gcc/arm-none-eabi/10.3.1/../../../../arm-none-eabi/lib/thumb/v6-m/nofp\libcr_c.a(strlen.o)
                              ./utilities/fsl_debug_console.o (strlen)
c:/nxp/mcuxpressoide_11.7.1_9221/ide/plugins/com.nxp.mcuxpresso.tools.win32_11.7.1.202301190959/tools/bin/../lib/gcc/arm-none-eabi/10.3.1/../../../../arm-none-eabi/lib/thumb/v6-m/nofp\libcr_c.a(strncmp.o)
                              ./littleshell/littleshell.o (strncmp)
c:/nxp/mcuxpressoide_11.7.1_9221/ide/plugins/com.nxp.mcuxpresso.tools.win32_11.7.1.202301190959/tools/bin/../lib/gcc/arm-none-eabi/10.3.1/../../../../arm-none-eabi/lib/thumb/v6-m/nofp\libcr_c.a(strncpy.o)
                              ./littleshell/littleshell.o (strncpy)
c:/nxp/mcuxpressoide_11.7.1_9221/ide/plugins/com.nxp.mcuxpresso.tools.win32_11.7.1.202301190959/tools/bin/../lib/gcc/arm-none-eabi/10.3.1/../../../../arm-none-eabi/lib/thumb/v6-m/nofp\libcr_c.a(ungetc.o)
                              c:/nxp/mcuxpressoide_11.7.1_9221/ide/plugins/com.nxp.mcuxpresso.tools.win32_11.7.1.202301190959/tools/bin/../lib/gcc/arm-none-eabi/10.3.1/../../../../arm-none-eabi/lib/thumb/v6-m/nofp\libcr_c.a(scanf.o) (ungetc)
[...]
Memory Configuration

Name             Origin             Length             Attributes
PROGRAM_FLASH    0x00000000         0x00010000         xr
SRAM             0x10000000         0x00003fe0         xrw
IAP_SRAM         0x10003fe0         0x00000020         xrw
*default*        0x00000000         0xffffffff

Linker script and memory map

LOAD ./utilities/fsl_assert.o
LOAD ./utilities/fsl_debug_console.o
LOAD ./utilities/fsl_str.o
LOAD ./startup/startup_lpc845.o
LOAD ./source/hello_world.o
LOAD ./source/semihost_hardfault.o
LOAD ./littleshell/littleshell.o
LOAD ./drivers/fsl_clock.o
LOAD ./drivers/fsl_common.o
LOAD ./drivers/fsl_common_arm.o
LOAD ./drivers/fsl_gpio.o
LOAD ./drivers/fsl_inputmux.o
LOAD ./drivers/fsl_power.o
LOAD ./drivers/fsl_reset.o
LOAD ./drivers/fsl_swm.o
LOAD ./drivers/fsl_syscon.o
LOAD ./drivers/fsl_usart.o
LOAD ./device/system_LPC845.o
LOAD ./component/uart/fsl_adapter_miniusart.o
LOAD ./board/board.o
LOAD ./board/clock_config.o
LOAD ./board/pin_mux.o
START GROUP
LOAD c:/nxp/mcuxpressoide_11.7.1_9221/ide/plugins/com.nxp.mcuxpresso.tools.win32_11.7.1.202301190959/tools/bin/../lib/gcc/arm-none-eabi/10.3.1/../../../../arm-none-eabi/lib/thumb/v6-m/nofp\libcr_nohost_nf.a
LOAD c:/nxp/mcuxpressoide_11.7.1_9221/ide/plugins/com.nxp.mcuxpresso.tools.win32_11.7.1.202301190959/tools/bin/../lib/gcc/arm-none-eabi/10.3.1/../../../../arm-none-eabi/lib/thumb/v6-m/nofp\libcr_c.a
LOAD c:/nxp/mcuxpressoide_11.7.1_9221/ide/plugins/com.nxp.mcuxpresso.tools.win32_11.7.1.202301190959/tools/bin/../lib/gcc/arm-none-eabi/10.3.1/thumb/v6-m/nofp\libcr_eabihelpers.a
LOAD c:/nxp/mcuxpressoide_11.7.1_9221/ide/plugins/com.nxp.mcuxpresso.tools.win32_11.7.1.202301190959/tools/bin/../lib/gcc/arm-none-eabi/10.3.1/thumb/v6-m/nofp\libgcc.a
END GROUP
                0x00000000                __base_PROGRAM_FLASH = 0x0
                0x00000000                __base_Flash = 0x0
                0x00010000                __top_PROGRAM_FLASH = 0x10000
                0x00010000                __top_Flash = 0x10000
                0x10000000                __base_SRAM = 0x10000000
                0x10000000                __base_RAM = 0x10000000
                0x10003fe0                __top_SRAM = 0x10003fe0
                0x10003fe0                __top_RAM = 0x10003fe0
                0x10003fe0                __base_IAP_SRAM = 0x10003fe0
                0x10003fe0                __base_RAM2 = 0x10003fe0
                0x10004000                __top_IAP_SRAM = 0x10004000
                0x10004000                __top_RAM2 = 0x10004000

.text           0x00000000     0x47e4
 FILL mask 0xff
                0x00000000                __vectors_start__ = ABSOLUTE (.)
 *(SORT_BY_ALIGNMENT(.isr_vector))
 .isr_vector    0x00000000       0xc0 ./startup/startup_lpc845.o
                0x00000000                g_pfnVectors
                0x00000000                __Vectors
                0x000000c0                . = ALIGN (0x4)
                0x000000c0                __section_table_start = .
                0x000000c0                __data_section_table = .
                0x000000c0        0x4 LONG 0x47e4 LOADADDR (.data)
                0x000000c4        0x4 LONG 0x10000000 ADDR (.data)
                0x000000c8        0x4 LONG 0x8 SIZEOF (.data)
                0x000000cc        0x4 LONG 0x47e4 LOADADDR (.data_RAM2)
                0x000000d0        0x4 LONG 0x10003fe0 ADDR (.data_RAM2)
                0x000000d4        0x4 LONG 0x0 SIZEOF (.data_RAM2)
                0x000000d8                __data_section_table_end = .
                0x000000d8                __bss_section_table = .
                0x000000d8        0x4 LONG 0x10000008 ADDR (.bss)
                0x000000dc        0x4 LONG 0x2e8 SIZEOF (.bss)
                0x000000e0        0x4 LONG 0x10003fe0 ADDR (.bss_RAM2)
                0x000000e4        0x4 LONG 0x0 SIZEOF (.bss_RAM2)
                0x000000e8                __bss_section_table_end = .
                0x000000e8                __section_table_end = .
 *(SORT_BY_ALIGNMENT(.after_vectors*))
 .after_vectors.reset
                0x000000e8       0x54 ./startup/startup_lpc845.o
                0x000000e8                ResetISR
 .after_vectors.init_data
                0x0000013c       0x12 ./startup/startup_lpc845.o
                0x0000013c                data_init
 .after_vectors.init_bss
                0x0000014e       0x10 ./startup/startup_lpc845.o
                0x0000014e                bss_init
 .after_vectors
                0x0000015e      0x10c ./startup/startup_lpc845.o
                0x0000015e                NMI_Handler
                0x00000162                SVC_Handler
                0x00000164                PendSV_Handler
                0x00000166                SysTick_Handler
                0x00000168                BOD_DriverIRQHandler
                0x00000168                I2C0_DriverIRQHandler
                0x00000168                DMA0_DriverIRQHandler
                0x00000168                SCT0_DriverIRQHandler
                0x00000168                SPI1_DriverIRQHandler
                0x00000168                ADC0_OVR_DriverIRQHandler
                0x00000168                I2C1_DriverIRQHandler
                0x00000168                I2C3_DriverIRQHandler
                0x00000168                PIN_INT1_DriverIRQHandler
                0x00000168                PIN_INT3_DriverIRQHandler
                0x00000168                PIN_INT5_DAC1_DriverIRQHandler
                0x00000168                PIN_INT2_DriverIRQHandler
                0x00000168                WDT_DriverIRQHandler
                0x00000168                I2C2_DriverIRQHandler
                0x00000168                PIN_INT0_DriverIRQHandler
                0x00000168                CTIMER0_DriverIRQHandler
                0x00000168                ADC0_SEQB_DriverIRQHandler
                0x00000168                IntDefaultHandler
                0x00000168                FLASH_DriverIRQHandler
                0x00000168                WKT_DriverIRQHandler
                0x00000168                DAC0_DriverIRQHandler
                0x00000168                MRT0_DriverIRQHandler
                0x00000168                PIN_INT4_DriverIRQHandler
                0x00000168                SPI0_DriverIRQHandler
                0x00000168                CMP_CAPT_DriverIRQHandler
                0x00000168                ADC0_THCMP_DriverIRQHandler
                0x00000168                ADC0_SEQA_DriverIRQHandler
                0x00000168                Reserved22_DriverIRQHandler
                0x0000016a                SPI0_IRQHandler
                0x00000172                SPI1_IRQHandler
                0x0000017a                DAC0_IRQHandler
                0x00000182                USART0_IRQHandler
                0x0000018a                USART1_IRQHandler
                0x00000192                USART2_IRQHandler
                0x0000019a                Reserved22_IRQHandler
                0x000001a2                I2C1_IRQHandler
                0x000001aa                I2C0_IRQHandler
                0x000001b2                SCT0_IRQHandler
                0x000001ba                MRT0_IRQHandler
                0x000001c2                CMP_CAPT_IRQHandler
                0x000001ca                WDT_IRQHandler
                0x000001d2                BOD_IRQHandler
                0x000001da                FLASH_IRQHandler
                0x000001e2                WKT_IRQHandler
                0x000001ea                ADC0_SEQA_IRQHandler
                0x000001f2                ADC0_SEQB_IRQHandler
                0x000001fa                ADC0_THCMP_IRQHandler
                0x00000202                ADC0_OVR_IRQHandler
                0x0000020a                DMA0_IRQHandler
                0x00000212                I2C2_IRQHandler
                0x0000021a                I2C3_IRQHandler
                0x00000222                CTIMER0_IRQHandler
                0x0000022a                PIN_INT0_IRQHandler
                0x00000232                PIN_INT1_IRQHandler
                0x0000023a                PIN_INT2_IRQHandler
                0x00000242                PIN_INT3_IRQHandler
                0x0000024a                PIN_INT4_IRQHandler
                0x00000252                PIN_INT5_DAC1_IRQHandler
                0x0000025a                PIN_INT6_USART3_IRQHandler
                0x00000262                PIN_INT7_USART4_IRQHandler
                0x000002fc                . = 0x2fc
 *fill*         0x0000026a       0x92 ff
                0x000002fc                PROVIDE (__CRP_WORD_START__ = .)
 *(SORT_BY_ALIGNMENT(.crp))
 .crp           0x000002fc        0x4 ./startup/startup_lpc845.o
                0x000002fc                CRP_WORD
                0x00000300                PROVIDE (__CRP_WORD_END__ = .)
                0x00000001                ASSERT (! ((__CRP_WORD_START__ == __CRP_WORD_END__)), Linker CRP Enabled, but no CRP_WORD provided within application)
 *(SORT_BY_ALIGNMENT(.text*))
 .text.__assertion_failed
                0x00000300       0x1c ./utilities/fsl_assert.o
                0x00000300                __assertion_failed
 .text.DbgConsole_Init
                0x0000031c       0xa8 ./utilities/fsl_debug_console.o
                0x0000031c                DbgConsole_Init
 .text.DbgConsole_Vprintf
                0x000003c4       0x40 ./utilities/fsl_debug_console.o
                0x000003c4                DbgConsole_Vprintf
 .text.DbgConsole_Putchar
                0x00000404       0x30 ./utilities/fsl_debug_console.o
                0x00000404                DbgConsole_Putchar
 .text.DbgConsole_Getchar
                0x00000434       0x3c ./utilities/fsl_debug_console.o
                0x00000434                DbgConsole_Getchar
 .text.CLOCK_Select
                0x00000470       0x38 ./source/hello_world.o
 .text.main     0x000004a8       0x58 ./source/hello_world.o
                0x000004a8                main
 .text.led      0x00000500       0x64 ./source/hello_world.o
                0x00000500                led
 .text.HardFault_Handler
                0x00000564       0x30 ./source/semihost_hardfault.o
                0x00000564                HardFault_Handler
 .text.littleshell_system_function_init
                0x00000594       0x28 ./littleshell/littleshell.o
                0x00000594                littleshell_system_function_init
 .text.littleshell_system_init
                0x000005bc       0x20 ./littleshell/littleshell.o
                0x000005bc                littleshell_system_init
 .text.littleshell_syscall_lookup
                0x000005dc       0x48 ./littleshell/littleshell.o
                0x000005dc                littleshell_syscall_lookup
 .text.shell_auto_complete
                0x00000624      0x11c ./littleshell/littleshell.o
 .text.shell_handle_history
                0x00000740       0x38 ./littleshell/littleshell.o
 .text.littleshell_main_entry
                0x00000778      0x62c ./littleshell/littleshell.o
                0x00000778                littleshell_main_entry
 .text.hello    0x00000da4       0x24 ./littleshell/littleshell.o
                0x00000da4                hello
 .text.symbol   0x00000dc8       0x44 ./littleshell/littleshell.o
                0x00000dc8                symbol
 .text.CLOCK_GetSystemPLLFreq
                0x00000e0c       0x20 ./drivers/fsl_clock.o
 .text.CLOCK_GetWdtOscFreq
                0x00000e2c       0x14 ./drivers/fsl_clock.o
 .text.CLOCK_GetExtClkFreq
                0x00000e40       0x14 ./drivers/fsl_clock.o
 .text.CLOCK_UpdateClkSrc
                0x00000e54       0x4c ./drivers/fsl_clock.o
 .text.CLOCK_GetMainClkFreq
                0x00000ea0       0x78 ./drivers/fsl_clock.o
                0x00000ea0                CLOCK_GetMainClkFreq
 .text.CLOCK_GetFroFreq
                0x00000f18       0x78 ./drivers/fsl_clock.o
                0x00000f18                CLOCK_GetFroFreq
 .text.CLOCK_GetSystemPLLInClockRate
                0x00000f90       0x64 ./drivers/fsl_clock.o
                0x00000f90                CLOCK_GetSystemPLLInClockRate
 .text.CLOCK_SetMainClkSrc
                0x00000ff4       0x9c ./drivers/fsl_clock.o
                0x00000ff4                CLOCK_SetMainClkSrc
 .text.CLOCK_SetFroOutClkSrc
                0x00001090       0x48 ./drivers/fsl_clock.o
                0x00001090                CLOCK_SetFroOutClkSrc
 .text.CLOCK_EnableClock
                0x000010d8       0x54 ./drivers/fsl_gpio.o
 .text.GPIO_EnablePortClock
                0x0000112c       0x38 ./drivers/fsl_gpio.o
 .text.GPIO_PortInit
                0x00001164       0x30 ./drivers/fsl_gpio.o
                0x00001164                GPIO_PortInit
 .text.RESET_SetPeripheralReset
                0x00001194       0x70 ./drivers/fsl_reset.o
 .text.RESET_ClearPeripheralReset
                0x00001204       0x6c ./drivers/fsl_reset.o
 .text.SWM_SetMovablePinSelect
                0x00001270       0x98 ./drivers/fsl_swm.o
                0x00001270                SWM_SetMovablePinSelect
 .text.CLOCK_EnableClock
                0x00001308       0x54 ./drivers/fsl_usart.o
 .text.USART_EnableContinuousSCLK
                0x0000135c       0x40 ./drivers/fsl_usart.o
 .text.USART_GetInstance
                0x0000139c       0x4c ./drivers/fsl_usart.o
                0x0000139c                USART_GetInstance
 .text.USART_Init
                0x000013e8      0x12c ./drivers/fsl_usart.o
                0x000013e8                USART_Init
 .text.USART_GetDefaultConfig
                0x00001514       0x74 ./drivers/fsl_usart.o
                0x00001514                USART_GetDefaultConfig
 .text.USART_SetBaudRate
                0x00001588      0x148 ./drivers/fsl_usart.o
                0x00001588                USART_SetBaudRate
 .text.USART_WriteBlocking
                0x000016d0       0x64 ./drivers/fsl_usart.o
                0x000016d0                USART_WriteBlocking
 .text.USART_ReadBlocking
                0x00001734       0xc0 ./drivers/fsl_usart.o
                0x00001734                USART_ReadBlocking
 .text.USART0_DriverIRQHandler
                0x000017f4       0x24 ./drivers/fsl_usart.o
                0x000017f4                USART0_DriverIRQHandler
 .text.USART1_DriverIRQHandler
                0x00001818       0x24 ./drivers/fsl_usart.o
                0x00001818                USART1_DriverIRQHandler
 .text.USART2_DriverIRQHandler
                0x0000183c       0x24 ./drivers/fsl_usart.o
                0x0000183c                USART2_DriverIRQHandler
 .text.PIN_INT6_USART3_DriverIRQHandler
                0x00001860       0x24 ./drivers/fsl_usart.o
                0x00001860                PIN_INT6_USART3_DriverIRQHandler
 .text.PIN_INT7_USART4_DriverIRQHandler
                0x00001884       0x24 ./drivers/fsl_usart.o
                0x00001884                PIN_INT7_USART4_DriverIRQHandler
 .text.SystemInit
                0x000018a8       0x3c ./device/system_LPC845.o
                0x000018a8                SystemInit
 .text.HAL_UartGetStatus
                0x000018e4       0x20 ./component/uart/fsl_adapter_miniusart.o
 .text.HAL_UartInit
                0x00001904      0x11c ./component/uart/fsl_adapter_miniusart.o
                0x00001904                HAL_UartInit
 .text.HAL_UartReceiveBlocking
                0x00001a20       0x78 ./component/uart/fsl_adapter_miniusart.o
                0x00001a20                HAL_UartReceiveBlocking
 .text.HAL_UartSendBlocking
                0x00001a98       0x6c ./component/uart/fsl_adapter_miniusart.o
                0x00001a98                HAL_UartSendBlocking
 .text.CLOCK_Select
                0x00001b04       0x38 ./board/board.o
 .text.BOARD_InitDebugConsole
                0x00001b3c       0x4c ./board/board.o
                0x00001b3c                BOARD_InitDebugConsole
 .text.CLOCK_Select
                0x00001b88       0x38 ./board/clock_config.o
 .text.CLOCK_SetCoreSysClkDiv
                0x00001bc0       0x3c ./board/clock_config.o
 .text.CLOCK_SetFroOscFreq
                0x00001bfc       0x24 ./board/clock_config.o
 .text.POWER_DisablePD
                0x00001c20       0x2c ./board/clock_config.o
 .text.BOARD_BootClockFRO30M
                0x00001c4c       0x58 ./board/clock_config.o
                0x00001c4c                BOARD_BootClockFRO30M
 .text.CLOCK_EnableClock
                0x00001ca4       0x54 ./board/pin_mux.o
 .text.CLOCK_DisableClock
                0x00001cf8       0x58 ./board/pin_mux.o
 .text.BOARD_InitPins
                0x00001d50       0x60 ./board/pin_mux.o
                0x00001d50                BOARD_InitPins
 .text.malloc   0x00001db0       0xcc c:/nxp/mcuxpressoide_11.7.1_9221/ide/plugins/com.nxp.mcuxpresso.tools.win32_11.7.1.202301190959/tools/bin/../lib/gcc/arm-none-eabi/10.3.1/../../../../arm-none-eabi/lib/thumb/v6-m/nofp\libcr_c.a(alloc.o)
                0x00001db0                malloc
 .text._Csys_alloc
                0x00001e7c       0x20 c:/nxp/mcuxpressoide_11.7.1_9221/ide/plugins/com.nxp.mcuxpresso.tools.win32_11.7.1.202301190959/tools/bin/../lib/gcc/arm-none-eabi/10.3.1/../../../../arm-none-eabi/lib/thumb/v6-m/nofp\libcr_c.a(alloc.o)
                0x00001e7c                _Csys_alloc
 .text._initio  0x00001e9c       0x7c c:/nxp/mcuxpressoide_11.7.1_9221/ide/plugins/com.nxp.mcuxpresso.tools.win32_11.7.1.202301190959/tools/bin/../lib/gcc/arm-none-eabi/10.3.1/../../../../arm-none-eabi/lib/thumb/v6-m/nofp\libcr_c.a(initio.o)
                0x00001e9c                _initio
 .text.__vfprintf
                0x00001f18      0xd40 c:/nxp/mcuxpressoide_11.7.1_9221/ide/plugins/com.nxp.mcuxpresso.tools.win32_11.7.1.202301190959/tools/bin/../lib/gcc/arm-none-eabi/10.3.1/../../../../arm-none-eabi/lib/thumb/v6-m/nofp\libcr_c.a(printf.o)
                0x00001f18                __vfprintf
 .text._vsnprintf
                0x00002c58       0x70 c:/nxp/mcuxpressoide_11.7.1_9221/ide/plugins/com.nxp.mcuxpresso.tools.win32_11.7.1.202301190959/tools/bin/../lib/gcc/arm-none-eabi/10.3.1/../../../../arm-none-eabi/lib/thumb/v6-m/nofp\libcr_c.a(printf.o)
                0x00002c58                _vsnprintf
 .text._printf  0x00002cc8       0x50 c:/nxp/mcuxpressoide_11.7.1_9221/ide/plugins/com.nxp.mcuxpresso.tools.win32_11.7.1.202301190959/tools/bin/../lib/gcc/arm-none-eabi/10.3.1/../../../../arm-none-eabi/lib/thumb/v6-m/nofp\libcr_c.a(printf.o)
                0x00002cc8                _printf
 .text.setvbuf  0x00002d18       0x4c c:/nxp/mcuxpressoide_11.7.1_9221/ide/plugins/com.nxp.mcuxpresso.tools.win32_11.7.1.202301190959/tools/bin/../lib/gcc/arm-none-eabi/10.3.1/../../../../arm-none-eabi/lib/thumb/v6-m/nofp\libcr_c.a(setvbuf.o)
                0x00002d18                setvbuf
 .text.strcmp   0x00002d64       0x44 c:/nxp/mcuxpressoide_11.7.1_9221/ide/plugins/com.nxp.mcuxpresso.tools.win32_11.7.1.202301190959/tools/bin/../lib/gcc/arm-none-eabi/10.3.1/../../../../arm-none-eabi/lib/thumb/v6-m/nofp\libcr_c.a(strcmp.o)
                0x00002d64                strcmp
 .text.strlen   0x00002da8       0x58 c:/nxp/mcuxpressoide_11.7.1_9221/ide/plugins/com.nxp.mcuxpresso.tools.win32_11.7.1.202301190959/tools/bin/../lib/gcc/arm-none-eabi/10.3.1/../../../../arm-none-eabi/lib/thumb/v6-m/nofp\libcr_c.a(strlen.o)
                0x00002da8                strlen
 .text.strncmp  0x00002e00       0x50 c:/nxp/mcuxpressoide_11.7.1_9221/ide/plugins/com.nxp.mcuxpresso.tools.win32_11.7.1.202301190959/tools/bin/../lib/gcc/arm-none-eabi/10.3.1/../../../../arm-none-eabi/lib/thumb/v6-m/nofp\libcr_c.a(strncmp.o)
                0x00002e00                strncmp
 .text.strncpy  0x00002e50       0x58 c:/nxp/mcuxpressoide_11.7.1_9221/ide/plugins/com.nxp.mcuxpresso.tools.win32_11.7.1.202301190959/tools/bin/../lib/gcc/arm-none-eabi/10.3.1/../../../../arm-none-eabi/lib/thumb/v6-m/nofp\libcr_c.a(strncpy.o)
                0x00002e50                strncpy
 .text._sbrk    0x00002ea8       0x44 c:/nxp/mcuxpressoide_11.7.1_9221/ide/plugins/com.nxp.mcuxpresso.tools.win32_11.7.1.202301190959/tools/bin/../lib/gcc/arm-none-eabi/10.3.1/../../../../arm-none-eabi/lib/thumb/v6-m/nofp\libcr_c.a(_cr_sbrk.o)
                0x00002ea8                _sbrk
 .text._deferredlazyseek
                0x00002eec       0x40 c:/nxp/mcuxpressoide_11.7.1_9221/ide/plugins/com.nxp.mcuxpresso.tools.win32_11.7.1.202301190959/tools/bin/../lib/gcc/arm-none-eabi/10.3.1/../../../../arm-none-eabi/lib/thumb/v6-m/nofp\libcr_c.a(_deferredlazyseek.o)
                0x00002eec                _deferredlazyseek
 .text.__flsbuf
                0x00002f2c      0x150 c:/nxp/mcuxpressoide_11.7.1_9221/ide/plugins/com.nxp.mcuxpresso.tools.win32_11.7.1.202301190959/tools/bin/../lib/gcc/arm-none-eabi/10.3.1/../../../../arm-none-eabi/lib/thumb/v6-m/nofp\libcr_c.a(_deferredlazyseek.o)
                0x00002f2c                __flsbuf
 .text._fdopen  0x0000307c       0x74 c:/nxp/mcuxpressoide_11.7.1_9221/ide/plugins/com.nxp.mcuxpresso.tools.win32_11.7.1.202301190959/tools/bin/../lib/gcc/arm-none-eabi/10.3.1/../../../../arm-none-eabi/lib/thumb/v6-m/nofp\libcr_c.a(_fdopen.o)
                0x0000307c                _fdopen
 .text._fflush  0x000030f0       0x60 c:/nxp/mcuxpressoide_11.7.1_9221/ide/plugins/com.nxp.mcuxpresso.tools.win32_11.7.1.202301190959/tools/bin/../lib/gcc/arm-none-eabi/10.3.1/../../../../arm-none-eabi/lib/thumb/v6-m/nofp\libcr_c.a(_fflush.o)
                0x000030f0                _fflush
 .text._Cwritebuf
                0x00003150       0x68 c:/nxp/mcuxpressoide_11.7.1_9221/ide/plugins/com.nxp.mcuxpresso.tools.win32_11.7.1.202301190959/tools/bin/../lib/gcc/arm-none-eabi/10.3.1/../../../../arm-none-eabi/lib/thumb/v6-m/nofp\libcr_c.a(_writebuf.o)
                0x00003150                _Cwritebuf
 .text.fclose   0x000031b8       0x5c c:/nxp/mcuxpressoide_11.7.1_9221/ide/plugins/com.nxp.mcuxpresso.tools.win32_11.7.1.202301190959/tools/bin/../lib/gcc/arm-none-eabi/10.3.1/../../../../arm-none-eabi/lib/thumb/v6-m/nofp\libcr_c.a(fclose.o)
                0x000031b8                fclose
 .text.fflush   0x00003214       0x44 c:/nxp/mcuxpressoide_11.7.1_9221/ide/plugins/com.nxp.mcuxpresso.tools.win32_11.7.1.202301190959/tools/bin/../lib/gcc/arm-none-eabi/10.3.1/../../../../arm-none-eabi/lib/thumb/v6-m/nofp\libcr_c.a(fflush.o)
                0x00003214                fflush
 .text.fseek    0x00003258       0xf0 c:/nxp/mcuxpressoide_11.7.1_9221/ide/plugins/com.nxp.mcuxpresso.tools.win32_11.7.1.202301190959/tools/bin/../lib/gcc/arm-none-eabi/10.3.1/../../../../arm-none-eabi/lib/thumb/v6-m/nofp\libcr_c.a(fseek.o)
                0x00003258                fseek
 .text.ftell    0x00003348       0x48 c:/nxp/mcuxpressoide_11.7.1_9221/ide/plugins/com.nxp.mcuxpresso.tools.win32_11.7.1.202301190959/tools/bin/../lib/gcc/arm-none-eabi/10.3.1/../../../../arm-none-eabi/lib/thumb/v6-m/nofp\libcr_c.a(ftell.o)
                0x00003348                ftell
 .text.__check_heap_overflow
                0x00003390       0x18 c:/nxp/mcuxpressoide_11.7.1_9221/ide/plugins/com.nxp.mcuxpresso.tools.win32_11.7.1.202301190959/tools/bin/../lib/gcc/arm-none-eabi/10.3.1/../../../../arm-none-eabi/lib/thumb/v6-m/nofp\libcr_c.a(_cr_check_heap.o)
                0x00003390                __check_heap_overflow
 .text._do_fflush
                0x000033a8       0x48 c:/nxp/mcuxpressoide_11.7.1_9221/ide/plugins/com.nxp.mcuxpresso.tools.win32_11.7.1.202301190959/tools/bin/../lib/gcc/arm-none-eabi/10.3.1/../../../../arm-none-eabi/lib/thumb/v6-m/nofp\libcr_c.a(_do_fflush.o)
                0x000033a8                _do_fflush
 .text.DbgConsole_Printf
                0x000033f0       0x32 ./utilities/fsl_debug_console.o
                0x000033f0                DbgConsole_Printf
 .text.DbgConsole_PrintfPaddingCharacter
                0x00003422       0x48 ./utilities/fsl_debug_console.o
 .text.DbgConsole_ConvertRadixNumToString
                0x0000346a       0xc2 ./utilities/fsl_debug_console.o
 .text.DbgConsole_PrintfFormattedData
                0x0000352c      0x3da ./utilities/fsl_debug_console.o
 .text.GPIO_PortSet
                0x00003906       0x26 ./source/hello_world.o
 .text.GPIO_PortClear
                0x0000392c       0x26 ./source/hello_world.o
 .text.str_common
                0x00003952       0x46 ./littleshell/littleshell.o
 .text.littleshell_parse_args
                0x00003998       0xd8 ./littleshell/littleshell.o
 .text.littleshell_interpret
                0x00003a70       0x62 ./littleshell/littleshell.o
                0x00003a70                littleshell_interpret
 .text.littleshell_process_line
                0x00003ad2      0x12e ./littleshell/littleshell.o
 .text.shell_push_history
                0x00003c00      0x158 ./littleshell/littleshell.o
 .text.GPIO_PinInit
                0x00003d58       0xc0 ./drivers/fsl_gpio.o
                0x00003d58                GPIO_PinInit
 .text.RESET_PeripheralReset
                0x00003e18       0x20 ./drivers/fsl_reset.o
                0x00003e18                RESET_PeripheralReset
 .text.USART_EnableTx
                0x00003e38       0x46 ./drivers/fsl_usart.o
 .text.USART_EnableRx
                0x00003e7e       0x44 ./drivers/fsl_usart.o
 .text.SystemInitHook
                0x00003ec2        0xa ./device/system_LPC845.o
                0x00003ec2                SystemInitHook
 .text.IOCON_PinMuxSet
                0x00003ecc       0x26 ./board/pin_mux.o
 .text.BOARD_InitBootPins
                0x00003ef2        0xe ./board/pin_mux.o
                0x00003ef2                BOARD_InitBootPins
 .text.__main   0x00003f00        0xc c:/nxp/mcuxpressoide_11.7.1_9221/ide/plugins/com.nxp.mcuxpresso.tools.win32_11.7.1.202301190959/tools/bin/../lib/gcc/arm-none-eabi/10.3.1/../../../../arm-none-eabi/lib/thumb/v6-m/nofp\libcr_nohost_nf.a(_cr__main.o)
                0x00003f00                __main
 .text.memcpy   0x00003f0c        0x8 c:/nxp/mcuxpressoide_11.7.1_9221/ide/plugins/com.nxp.mcuxpresso.tools.win32_11.7.1.202301190959/tools/bin/../lib/gcc/arm-none-eabi/10.3.1/../../../../arm-none-eabi/lib/thumb/v6-m/nofp\libcr_c.a(memcpy.o)
                0x00003f0c                memcpy
 .text.memmove  0x00003f14        0x8 c:/nxp/mcuxpressoide_11.7.1_9221/ide/plugins/com.nxp.mcuxpresso.tools.win32_11.7.1.202301190959/tools/bin/../lib/gcc/arm-none-eabi/10.3.1/../../../../arm-none-eabi/lib/thumb/v6-m/nofp\libcr_c.a(memmove.o)
                0x00003f14                memmove
 .text.memset   0x00003f1c        0x8 c:/nxp/mcuxpressoide_11.7.1_9221/ide/plugins/com.nxp.mcuxpresso.tools.win32_11.7.1.202301190959/tools/bin/../lib/gcc/arm-none-eabi/10.3.1/../../../../arm-none-eabi/lib/thumb/v6-m/nofp\libcr_c.a(memset.o)
                0x00003f1c                memset
 .text.free     0x00003f24       0x2c c:/nxp/mcuxpressoide_11.7.1_9221/ide/plugins/com.nxp.mcuxpresso.tools.win32_11.7.1.202301190959/tools/bin/../lib/gcc/arm-none-eabi/10.3.1/../../../../arm-none-eabi/lib/thumb/v6-m/nofp\libcr_c.a(alloc.o)
                0x00003f24                free
 .text.memcmp   0x00003f50       0x38 c:/nxp/mcuxpressoide_11.7.1_9221/ide/plugins/com.nxp.mcuxpresso.tools.win32_11.7.1.202301190959/tools/bin/../lib/gcc/arm-none-eabi/10.3.1/../../../../arm-none-eabi/lib/thumb/v6-m/nofp\libcr_c.a(memcmp.o)
                0x00003f50                memcmp
 .text.no_fp_display
                0x00003f88        0x4 c:/nxp/mcuxpressoide_11.7.1_9221/ide/plugins/com.nxp.mcuxpresso.tools.win32_11.7.1.202301190959/tools/bin/../lib/gcc/arm-none-eabi/10.3.1/../../../../arm-none-eabi/lib/thumb/v6-m/nofp\libcr_c.a(printf.o)
 .text.remove   0x00003f8c       0x12 c:/nxp/mcuxpressoide_11.7.1_9221/ide/plugins/com.nxp.mcuxpresso.tools.win32_11.7.1.202301190959/tools/bin/../lib/gcc/arm-none-eabi/10.3.1/../../../../arm-none-eabi/lib/thumb/v6-m/nofp\libcr_c.a(remove.o)
                0x00003f8c                remove
 .text.__aeabi_division_idivmod
                0x00003f9e       0x78 c:/nxp/mcuxpressoide_11.7.1_9221/ide/plugins/com.nxp.mcuxpresso.tools.win32_11.7.1.202301190959/tools/bin/../lib/gcc/arm-none-eabi/10.3.1/thumb/v6-m/nofp\libcr_eabihelpers.a(division_32.o)
                0x00003f9e                __aeabi_idivmod
                0x00003f9e                __aeabi_idiv
                0x00003fa4                __aeabi_uidivmod
                0x00003fa4                __aeabi_uidiv
 .text.__aeabi_division_idiv0
                0x00004016        0x2 c:/nxp/mcuxpressoide_11.7.1_9221/ide/plugins/com.nxp.mcuxpresso.tools.win32_11.7.1.202301190959/tools/bin/../lib/gcc/arm-none-eabi/10.3.1/thumb/v6-m/nofp\libcr_eabihelpers.a(division_idiv0.o)
                0x00004016                __aeabi_idiv0
 .text.__aeabi_llong_lmul
                0x00004018       0x2e c:/nxp/mcuxpressoide_11.7.1_9221/ide/plugins/com.nxp.mcuxpresso.tools.win32_11.7.1.202301190959/tools/bin/../lib/gcc/arm-none-eabi/10.3.1/thumb/v6-m/nofp\libcr_eabihelpers.a(llong.o)
                0x00004018                __aeabi_lmul
 .text.__aeabi_memcpy
                0x00004046       0x2c c:/nxp/mcuxpressoide_11.7.1_9221/ide/plugins/com.nxp.mcuxpresso.tools.win32_11.7.1.202301190959/tools/bin/../lib/gcc/arm-none-eabi/10.3.1/thumb/v6-m/nofp\libcr_eabihelpers.a(memcpy.o)
                0x00004046                __aeabi_memcpy4
                0x00004046                __aeabi_memcpy8
                0x00004046                __aeabi_memcpy
 .text.__aeabi_memmove
                0x00004072       0x1c c:/nxp/mcuxpressoide_11.7.1_9221/ide/plugins/com.nxp.mcuxpresso.tools.win32_11.7.1.202301190959/tools/bin/../lib/gcc/arm-none-eabi/10.3.1/thumb/v6-m/nofp\libcr_eabihelpers.a(memcpy.o)
                0x00004072                __aeabi_memmove
                0x00004072                __aeabi_memmove4
                0x00004072                __aeabi_memmove8
 .text.__aeabi_memset_lowlevel
                0x0000408e       0x2a c:/nxp/mcuxpressoide_11.7.1_9221/ide/plugins/com.nxp.mcuxpresso.tools.win32_11.7.1.202301190959/tools/bin/../lib/gcc/arm-none-eabi/10.3.1/thumb/v6-m/nofp\libcr_eabihelpers.a(memcpy.o)
                0x0000408e                __aeabi_lowlevel_memset
 .text.__gnu_thumb1_case_shi
                0x000040b8       0x10 c:/nxp/mcuxpressoide_11.7.1_9221/ide/plugins/com.nxp.mcuxpresso.tools.win32_11.7.1.202301190959/tools/bin/../lib/gcc/arm-none-eabi/10.3.1/thumb/v6-m/nofp\libcr_eabihelpers.a(thumb1_switch_helpers.o)
                0x000040b8                __gnu_thumb1_case_shi
 .text.__sys_appexit
                0x000040c8        0x2 c:/nxp/mcuxpressoide_11.7.1_9221/ide/plugins/com.nxp.mcuxpresso.tools.win32_11.7.1.202301190959/tools/bin/../lib/gcc/arm-none-eabi/10.3.1/../../../../arm-none-eabi/lib/thumb/v6-m/nofp\libcr_nohost_nf.a(__sys_appexit.o)
                0x000040c8                __sys_appexit
                0x000040c8                __exit
 .text.__sys_close
                0x000040ca        0x6 c:/nxp/mcuxpressoide_11.7.1_9221/ide/plugins/com.nxp.mcuxpresso.tools.win32_11.7.1.202301190959/tools/bin/../lib/gcc/arm-none-eabi/10.3.1/../../../../arm-none-eabi/lib/thumb/v6-m/nofp\libcr_nohost_nf.a(__sys_close.o)
                0x000040ca                __sys_close
 .text.__sys_flen
                0x000040d0        0x6 c:/nxp/mcuxpressoide_11.7.1_9221/ide/plugins/com.nxp.mcuxpresso.tools.win32_11.7.1.202301190959/tools/bin/../lib/gcc/arm-none-eabi/10.3.1/../../../../arm-none-eabi/lib/thumb/v6-m/nofp\libcr_nohost_nf.a(__sys_flen.o)
                0x000040d0                __sys_flen
 .text.__sys_istty
                0x000040d6        0x6 c:/nxp/mcuxpressoide_11.7.1_9221/ide/plugins/com.nxp.mcuxpresso.tools.win32_11.7.1.202301190959/tools/bin/../lib/gcc/arm-none-eabi/10.3.1/../../../../arm-none-eabi/lib/thumb/v6-m/nofp\libcr_nohost_nf.a(__sys_istty.o)
                0x000040d6                __sys_istty
 .text.__sys_remove
                0x000040dc        0x6 c:/nxp/mcuxpressoide_11.7.1_9221/ide/plugins/com.nxp.mcuxpresso.tools.win32_11.7.1.202301190959/tools/bin/../lib/gcc/arm-none-eabi/10.3.1/../../../../arm-none-eabi/lib/thumb/v6-m/nofp\libcr_nohost_nf.a(__sys_remove.o)
                0x000040dc                __sys_remove
 .text.__sys_seek
                0x000040e2        0x6 c:/nxp/mcuxpressoide_11.7.1_9221/ide/plugins/com.nxp.mcuxpresso.tools.win32_11.7.1.202301190959/tools/bin/../lib/gcc/arm-none-eabi/10.3.1/../../../../arm-none-eabi/lib/thumb/v6-m/nofp\libcr_nohost_nf.a(__sys_seek.o)
                0x000040e2                __sys_seek
 .text.__sys_tmpnam
                0x000040e8        0x6 c:/nxp/mcuxpressoide_11.7.1_9221/ide/plugins/com.nxp.mcuxpresso.tools.win32_11.7.1.202301190959/tools/bin/../lib/gcc/arm-none-eabi/10.3.1/../../../../arm-none-eabi/lib/thumb/v6-m/nofp\libcr_nohost_nf.a(__sys_tmpnam.o)
                0x000040e8                __sys_tmpnam
 .text.__sys_write
                0x000040ee        0x4 c:/nxp/mcuxpressoide_11.7.1_9221/ide/plugins/com.nxp.mcuxpresso.tools.win32_11.7.1.202301190959/tools/bin/../lib/gcc/arm-none-eabi/10.3.1/../../../../arm-none-eabi/lib/thumb/v6-m/nofp\libcr_nohost_nf.a(__sys_write.o)
                0x000040ee                __sys_write
 *(SORT_BY_ALIGNMENT(.rodata) SORT_BY_ALIGNMENT(.rodata.*) SORT_BY_ALIGNMENT(.constdata) SORT_BY_ALIGNMENT(.constdata.*))
 *fill*         0x000040f2        0x2 ff
 .rodata.__assertion_failed.str1.4
                0x000040f4       0x14 ./utilities/fsl_assert.o
 .rodata.main.str1.4
                0x00004108        0xf ./source/hello_world.o
 *fill*         0x00004117        0x1 ff
 .rodata.led.str1.4
                0x00004118        0x8 ./source/hello_world.o
 .rodata.name   0x00004120       0x16 ./source/hello_world.o
                0x00004120                __fsym_led_name
                0x00004124                __fsym_led_desc
 *fill*         0x00004136        0x2 ff
 .rodata.shell_auto_complete.str1.4
                0x00004138       0x2d ./littleshell/littleshell.o
                                 0x39 (size before relaxing)
 *fill*         0x00004165        0x3 ff
 .rodata.shell_handle_history.str1.4
                0x00004168        0x6 ./littleshell/littleshell.o
 *fill*         0x0000416e        0x2 ff
 .rodata.littleshell_main_entry.str1.4
                0x00004170       0x18 ./littleshell/littleshell.o
 .rodata.hello.str1.4
                0x00004188        0xe ./littleshell/littleshell.o
 *fill*         0x00004196        0x2 ff
 .rodata.name   0x00004198       0x2e ./littleshell/littleshell.o
                0x00004198                __fsym_hello_name
                0x000041a0                __fsym_hello_desc
                0x000041b0                __fsym_symbol_name
                0x000041b8                __fsym_symbol_desc
 *fill*         0x000041c6        0x2 ff
 .rodata.symbol.str1.4
                0x000041c8       0x5b ./littleshell/littleshell.o
 *fill*         0x00004223        0x1 ff
 .rodata.CLOCK_UpdateClkSrc.str1.4
                0x00004224       0x17 ./drivers/fsl_clock.o
 *fill*         0x0000423b        0x1 ff
 .rodata.s_gpioClockName
                0x0000423c        0x4 ./drivers/fsl_gpio.o
 .rodata.s_gpioResets
                0x00004240        0x8 ./drivers/fsl_gpio.o
 .rodata.GPIO_EnablePortClock.str1.4
                0x00004248       0x33 ./drivers/fsl_gpio.o
 *fill*         0x0000427b        0x1 ff
 .rodata.RESET_SetPeripheralReset.str1.4
                0x0000427c       0x1f ./drivers/fsl_reset.o
 *fill*         0x0000429b        0x1 ff
 .rodata.RESET_ClearPeripheralReset.str1.4
                0x0000429c       0x1f ./drivers/fsl_reset.o
 *fill*         0x000042bb        0x1 ff
 .rodata.SWM_SetMovablePinSelect.str1.4
                0x000042bc       0x49 ./drivers/fsl_swm.o
 *fill*         0x00004305        0x3 ff
 .rodata.s_usartBaseAddrs
                0x00004308       0x14 ./drivers/fsl_usart.o
 .rodata.s_usartClock
                0x0000431c        0xa ./drivers/fsl_usart.o
 *fill*         0x00004326        0x2 ff
 .rodata.s_usartRest
                0x00004328       0x14 ./drivers/fsl_usart.o
 .rodata.USART_GetInstance.str1.4
                0x0000433c       0x3b ./drivers/fsl_usart.o
 *fill*         0x00004377        0x1 ff
 .rodata.USART_Init.str1.4
                0x00004378       0x4f ./drivers/fsl_usart.o
 *fill*         0x000043c7        0x1 ff
 .rodata.USART_GetDefaultConfig.str1.4
                0x000043c8       0x21 ./drivers/fsl_usart.o
 *fill*         0x000043e9        0x3 ff
 .rodata.USART_SetBaudRate.str1.4
                0x000043ec       0x8f ./drivers/fsl_usart.o
 *fill*         0x0000447b        0x1 ff
 .rodata.USART_WriteBlocking.str1.4
                0x0000447c       0x36 ./drivers/fsl_usart.o
 *fill*         0x000044b2        0x2 ff
 .rodata.USART_ReadBlocking.str1.4
                0x000044b4       0x36 ./drivers/fsl_usart.o
 *fill*         0x000044ea        0x2 ff
 .rodata.s_UsartAdapterBase
                0x000044ec       0x14 ./component/uart/fsl_adapter_miniusart.o
 .rodata.HAL_UartInit.str1.4
                0x00004500       0xfb ./component/uart/fsl_adapter_miniusart.o
 *fill*         0x000045fb        0x1 ff
 .rodata.HAL_UartReceiveBlocking.str1.4
                0x000045fc       0x71 ./component/uart/fsl_adapter_miniusart.o
 *fill*         0x0000466d        0x3 ff
 .rodata.HAL_UartSendBlocking.str1.4
                0x00004670       0x71 ./component/uart/fsl_adapter_miniusart.o
 *fill*         0x000046e1        0x3 ff
 .rodata.BOARD_InitDebugConsole.str1.4
                0x000046e4       0x27 ./board/board.o
 *fill*         0x0000470b        0x1 ff
 .rodata.CLOCK_SetCoreSysClkDiv.str1.4
                0x0000470c       0x5a ./board/clock_config.o
 *fill*         0x00004766        0x2 ff
 .rodata.__num_Ciob_streams
                0x00004768        0x4 c:/nxp/mcuxpressoide_11.7.1_9221/ide/plugins/com.nxp.mcuxpresso.tools.win32_11.7.1.202301190959/tools/bin/../lib/gcc/arm-none-eabi/10.3.1/../../../../arm-none-eabi/lib/thumb/v6-m/nofp\libcr_nohost_nf.a(__ciob.o)
                0x00004768                __num_Ciob_streams
 .rodata._Csys_alloc.str1.1
                0x0000476c       0x18 c:/nxp/mcuxpressoide_11.7.1_9221/ide/plugins/com.nxp.mcuxpresso.tools.win32_11.7.1.202301190959/tools/bin/../lib/gcc/arm-none-eabi/10.3.1/../../../../arm-none-eabi/lib/thumb/v6-m/nofp\libcr_c.a(alloc.o)
 .rodata._initio.str1.1
                0x00004784        0x4 c:/nxp/mcuxpressoide_11.7.1_9221/ide/plugins/com.nxp.mcuxpresso.tools.win32_11.7.1.202301190959/tools/bin/../lib/gcc/arm-none-eabi/10.3.1/../../../../arm-none-eabi/lib/thumb/v6-m/nofp\libcr_c.a(initio.o)
 .rodata.__vfprintf.str1.1
                0x00004788       0x37 c:/nxp/mcuxpressoide_11.7.1_9221/ide/plugins/com.nxp.mcuxpresso.tools.win32_11.7.1.202301190959/tools/bin/../lib/gcc/arm-none-eabi/10.3.1/../../../../arm-none-eabi/lib/thumb/v6-m/nofp\libcr_c.a(printf.o)
                                 0x38 (size before relaxing)
                0x000047c0                . = ALIGN (0x4)
 *fill*         0x000047bf        0x1 ff
                0x000047c0                __fsymtab_start = .
 *(SORT_BY_ALIGNMENT(FSymTab))
 FSymTab        0x000047c0        0xc ./source/hello_world.o
                0x000047c0                __fsym_led
 FSymTab        0x000047cc       0x18 ./littleshell/littleshell.o
                0x000047cc                __fsym_hello
                0x000047d8                __fsym_symbol
                0x000047e4                __fsymtab_end = .

.glue_7         0x000047e4        0x0
 .glue_7        0x000047e4        0x0 linker stubs

.glue_7t        0x000047e4        0x0
 .glue_7t       0x000047e4        0x0 linker stubs

.vfp11_veneer   0x000047e4        0x0
 .vfp11_veneer  0x000047e4        0x0 linker stubs

.v4_bx          0x000047e4        0x0
 .v4_bx         0x000047e4        0x0 linker stubs

.iplt           0x000047e4        0x0
 .iplt          0x000047e4        0x0 ./utilities/fsl_assert.o

.rel.dyn        0x000047e4        0x0
 .rel.iplt      0x000047e4        0x0 ./utilities/fsl_assert.o

.ARM.extab
 *(SORT_BY_ALIGNMENT(.ARM.extab*) SORT_BY_ALIGNMENT(.gnu.linkonce.armextab.*))

.ARM.exidx      0x000047e4        0x0
                0x000047e4                __exidx_start = .
 *(SORT_BY_ALIGNMENT(.ARM.exidx*) SORT_BY_ALIGNMENT(.gnu.linkonce.armexidx.*))
                0x000047e4                __exidx_end = .
                0x000047e4                _etext = .

.mtb_buffer_RAM2
 *(SORT_BY_ALIGNMENT(.mtb.$RAM2*))
 *(SORT_BY_ALIGNMENT(.mtb.$IAP_SRAM*))

.data_RAM2      0x10003fe0        0x0 load address 0x000047e4
 FILL mask 0xff
                [!provide]                PROVIDE (__start_data_RAM2 = .)
                [!provide]                PROVIDE (__start_data_IAP_SRAM = .)
 *(SORT_BY_ALIGNMENT(.ramfunc.$RAM2))
 *(SORT_BY_ALIGNMENT(.ramfunc.$IAP_SRAM))
 *(SORT_BY_ALIGNMENT(.data.$RAM2))
 *(SORT_BY_ALIGNMENT(.data.$IAP_SRAM))
 *(SORT_BY_ALIGNMENT(.data.$RAM2.*))
 *(SORT_BY_ALIGNMENT(.data.$IAP_SRAM.*))
                0x10003fe0                . = ALIGN (0x4)
                [!provide]                PROVIDE (__end_data_RAM2 = .)
                [!provide]                PROVIDE (__end_data_IAP_SRAM = .)

.mtb_buffer_default
 *(SORT_BY_ALIGNMENT(.mtb*))

.uninit_RESERVED
                0x10000000        0x0
                0x10000000                _start_uninit_RESERVED = .
 *(SORT_BY_ALIGNMENT(.bss.$RESERVED*))
                0x10000000                . = ALIGN (0x4)
                0x10000000                _end_uninit_RESERVED = .

.data           0x10000000        0x8 load address 0x000047e4
 FILL mask 0xff
                0x10000000                _data = .
                [!provide]                PROVIDE (__start_data_RAM = .)
                [!provide]                PROVIDE (__start_data_SRAM = .)
 *(SORT_BY_ALIGNMENT(vtable))
 *(SORT_BY_ALIGNMENT(.ramfunc*))
 *(SORT_BY_ALIGNMENT(CodeQuickAccess))
 *(SORT_BY_ALIGNMENT(DataQuickAccess))
 *(SORT_BY_ALIGNMENT(RamFunction))
 *(SORT_BY_ALIGNMENT(.data*))
 .data.shell    0x10000000        0x4 ./littleshell/littleshell.o
 .data.SystemCoreClock
                0x10000004        0x4 ./device/system_LPC845.o
                0x10000004                SystemCoreClock
                0x10000008                . = ALIGN (0x4)
                0x10000008                _edata = .
                [!provide]                PROVIDE (__end_data_RAM = .)
                [!provide]                PROVIDE (__end_data_SRAM = .)

.igot.plt       0x10000008        0x0 load address 0x000047ec
 .igot.plt      0x10000008        0x0 ./utilities/fsl_assert.o

.bss_RAM2       0x10003fe0        0x0
                [!provide]                PROVIDE (__start_bss_RAM2 = .)
                [!provide]                PROVIDE (__start_bss_IAP_SRAM = .)
 *(SORT_BY_ALIGNMENT(.bss.$RAM2))
 *(SORT_BY_ALIGNMENT(.bss.$IAP_SRAM))
 *(SORT_BY_ALIGNMENT(.bss.$RAM2.*))
 *(SORT_BY_ALIGNMENT(.bss.$IAP_SRAM.*))
                0x10003fe0                . = ALIGN ((. != 0x0)?0x4:0x1)
                [!provide]                PROVIDE (__end_bss_RAM2 = .)
                [!provide]                PROVIDE (__end_bss_IAP_SRAM = .)

.bss            0x10000008      0x2e8
                0x10000008                _bss = .
                [!provide]                PROVIDE (__start_bss_RAM = .)
                [!provide]                PROVIDE (__start_bss_SRAM = .)
 *(SORT_BY_ALIGNMENT(.bss*))
 .bss.s_debugConsole
                0x10000008       0x14 ./utilities/fsl_debug_console.o
 .bss._syscall_table_begin
                0x1000001c        0x4 ./littleshell/littleshell.o
 .bss._syscall_table_end
                0x10000020        0x4 ./littleshell/littleshell.o
 .bss._shell    0x10000024      0x1ea ./littleshell/littleshell.o
 *fill*         0x1000020e        0x2 
 .bss.g_Ext_Clk_Freq
                0x10000210        0x4 ./drivers/fsl_clock.o
                0x10000210                g_Ext_Clk_Freq
 .bss.g_Wdt_Osc_Freq
                0x10000214        0x4 ./drivers/fsl_clock.o
                0x10000214                g_Wdt_Osc_Freq
 .bss.s_usartHandle
                0x10000218       0x14 ./drivers/fsl_usart.o
 .bss.s_usartIsr
                0x1000022c        0x4 ./drivers/fsl_usart.o
 .bss.errno     0x10000230        0x4 c:/nxp/mcuxpressoide_11.7.1_9221/ide/plugins/com.nxp.mcuxpresso.tools.win32_11.7.1.202301190959/tools/bin/../lib/gcc/arm-none-eabi/10.3.1/../../../../arm-none-eabi/lib/thumb/v6-m/nofp\libcr_c.a(errno.o)
                0x10000230                errno
 .bss.__end_of_heap
                0x10000234        0x4 c:/nxp/mcuxpressoide_11.7.1_9221/ide/plugins/com.nxp.mcuxpresso.tools.win32_11.7.1.202301190959/tools/bin/../lib/gcc/arm-none-eabi/10.3.1/../../../../arm-none-eabi/lib/thumb/v6-m/nofp\libcr_c.a(__init_alloc.o)
                0x10000234                __end_of_heap
 .bss.__heaps   0x10000238        0x4 c:/nxp/mcuxpressoide_11.7.1_9221/ide/plugins/com.nxp.mcuxpresso.tools.win32_11.7.1.202301190959/tools/bin/../lib/gcc/arm-none-eabi/10.3.1/../../../../arm-none-eabi/lib/thumb/v6-m/nofp\libcr_c.a(__init_alloc.o)
                0x10000238                __heaps
 .bss.__Ciob    0x1000023c       0xb4 c:/nxp/mcuxpressoide_11.7.1_9221/ide/plugins/com.nxp.mcuxpresso.tools.win32_11.7.1.202301190959/tools/bin/../lib/gcc/arm-none-eabi/10.3.1/../../../../arm-none-eabi/lib/thumb/v6-m/nofp\libcr_nohost_nf.a(__ciob.o)
                0x1000023c                __Ciob
 *(SORT_BY_ALIGNMENT(COMMON))
                0x100002f0                . = ALIGN (0x4)
                0x100002f0                _ebss = .
                [!provide]                PROVIDE (__end_bss_RAM = .)
                [!provide]                PROVIDE (__end_bss_SRAM = .)
                [!provide]                PROVIDE (end = .)

.noinit_RAM2    0x10003fe0        0x0
                [!provide]                PROVIDE (__start_noinit_RAM2 = .)
                [!provide]                PROVIDE (__start_noinit_IAP_SRAM = .)
 *(SORT_BY_ALIGNMENT(.noinit.$RAM2))
 *(SORT_BY_ALIGNMENT(.noinit.$IAP_SRAM))
 *(SORT_BY_ALIGNMENT(.noinit.$RAM2.*))
 *(SORT_BY_ALIGNMENT(.noinit.$IAP_SRAM.*))
                0x10003fe0                . = ALIGN (0x4)
                [!provide]                PROVIDE (__end_noinit_RAM2 = .)
                [!provide]                PROVIDE (__end_noinit_IAP_SRAM = .)

.noinit         0x100002f0        0x0
                0x100002f0                _noinit = .
                [!provide]                PROVIDE (__start_noinit_RAM = .)
                [!provide]                PROVIDE (__start_noinit_SRAM = .)
 *(SORT_BY_ALIGNMENT(.noinit*))
                0x100002f0                . = ALIGN (0x4)
                0x100002f0                _end_noinit = .
                [!provide]                PROVIDE (__end_noinit_RAM = .)
                [!provide]                PROVIDE (__end_noinit_SRAM = .)
                0x000003f8                _HeapSize = 0x3f8

.heap           0x100002f0      0x3f8
                0x100002f0                _pvHeapStart = .
                0x100006e8                . = (. + _HeapSize)
 *fill*         0x100002f0      0x3f8 
                0x100006e8                . = ALIGN (0x4)
                0x100006e8                _pvHeapLimit = .
                0x000003f8                _StackSize = 0x3f8

.heap2stackfill
                0x100006e8      0x3f8
                0x10000ae0                . = (. + _StackSize)
 *fill*         0x100006e8      0x3f8 

.stack          0x10003be8        0x0
                0x10003be8                _vStackBase = .
                0x10003be8                . = ALIGN (0x4)
                0x10003fe0                _vStackTop = (. + _StackSize)
                0xefffb873                PROVIDE (__valid_user_code_checksum = (0x0 - (((_vStackTop + (ResetISR + 0x1)) + (DEFINED (NMI_Handler)?NMI_Handler:M0_NMI_Handler + 0x1)) + (DEFINED (HardFault_Handler)?HardFault_Handler:M0_HardFault_Handler + 0x1))))
                0x00000000                _image_start = LOADADDR (.text)
                0x000047ec                _image_end = (LOADADDR (.data) + SIZEOF (.data))
                0x000047ec                _image_size = (_image_end - _image_start)
OUTPUT(lpc845breakout_hello_world.axf elf32-littlearm)
LOAD linker stubs

.debug_info     0x00000000     0xb54b
 .debug_info    0x00000000       0xa3 ./utilities/fsl_assert.o
 .debug_info    0x000000a3     0x1026 ./utilities/fsl_debug_console.o
 .debug_info    0x000010c9      0x4a6 ./startup/startup_lpc845.o
 .debug_info    0x0000156f      0xece ./source/hello_world.o
 .debug_info    0x0000243d       0x3c ./source/semihost_hardfault.o
 .debug_info    0x00002479      0xec5 ./littleshell/littleshell.o
 .debug_info    0x0000333e     0x11d0 ./drivers/fsl_clock.o
 .debug_info    0x0000450e      0xdb2 ./drivers/fsl_gpio.o
 .debug_info    0x000052c0      0x724 ./drivers/fsl_reset.o
 .debug_info    0x000059e4      0x71c ./drivers/fsl_swm.o
 .debug_info    0x00006100     0x1ba8 ./drivers/fsl_usart.o
 .debug_info    0x00007ca8      0x77e ./device/system_LPC845.o
 .debug_info    0x00008426      0xecb ./component/uart/fsl_adapter_miniusart.o
 .debug_info    0x000092f1      0xc70 ./board/board.o
 .debug_info    0x00009f61      0xa2f ./board/clock_config.o
 .debug_info    0x0000a990      0xbbb ./board/pin_mux.o

.debug_abbrev   0x00000000     0x1c88
 .debug_abbrev  0x00000000       0x66 ./utilities/fsl_assert.o
 .debug_abbrev  0x00000066      0x281 ./utilities/fsl_debug_console.o
 .debug_abbrev  0x000002e7      0x1ba ./startup/startup_lpc845.o
 .debug_abbrev  0x000004a1      0x201 ./source/hello_world.o
 .debug_abbrev  0x000006a2       0x31 ./source/semihost_hardfault.o
 .debug_abbrev  0x000006d3      0x2e1 ./littleshell/littleshell.o
 .debug_abbrev  0x000009b4      0x2cd ./drivers/fsl_clock.o
 .debug_abbrev  0x00000c81      0x1c3 ./drivers/fsl_gpio.o
 .debug_abbrev  0x00000e44      0x15c ./drivers/fsl_reset.o
 .debug_abbrev  0x00000fa0      0x16e ./drivers/fsl_swm.o
 .debug_abbrev  0x0000110e      0x316 ./drivers/fsl_usart.o
 .debug_abbrev  0x00001424      0x143 ./device/system_LPC845.o
 .debug_abbrev  0x00001567      0x1cb ./component/uart/fsl_adapter_miniusart.o
 .debug_abbrev  0x00001732      0x188 ./board/board.o
 .debug_abbrev  0x000018ba      0x1fd ./board/clock_config.o
 .debug_abbrev  0x00001ab7      0x1d1 ./board/pin_mux.o

.debug_aranges  0x00000000      0x6c8
 .debug_aranges
                0x00000000       0x20 ./utilities/fsl_assert.o
 .debug_aranges
                0x00000020       0x68 ./utilities/fsl_debug_console.o
 .debug_aranges
                0x00000088      0x160 ./startup/startup_lpc845.o
 .debug_aranges
                0x000001e8       0x40 ./source/hello_world.o
 .debug_aranges
                0x00000228       0x20 ./source/semihost_hardfault.o
 .debug_aranges
                0x00000248       0x80 ./littleshell/littleshell.o
 .debug_aranges
                0x000002c8      0x100 ./drivers/fsl_clock.o
 .debug_aranges
                0x000003c8       0x38 ./drivers/fsl_gpio.o
 .debug_aranges
                0x00000400       0x30 ./drivers/fsl_reset.o
 .debug_aranges
                0x00000430       0x28 ./drivers/fsl_swm.o
 .debug_aranges
                0x00000458      0x128 ./drivers/fsl_usart.o
 .debug_aranges
                0x00000580       0x30 ./device/system_LPC845.o
 .debug_aranges
                0x000005b0       0x50 ./component/uart/fsl_adapter_miniusart.o
 .debug_aranges
                0x00000600       0x28 ./board/board.o
 .debug_aranges
                0x00000628       0x60 ./board/clock_config.o
 .debug_aranges
                0x00000688       0x40 ./board/pin_mux.o

.debug_ranges   0x00000000      0x5c8
 .debug_ranges  0x00000000       0x10 ./utilities/fsl_assert.o
 .debug_ranges  0x00000010       0x58 ./utilities/fsl_debug_console.o
 .debug_ranges  0x00000068      0x150 ./startup/startup_lpc845.o
 .debug_ranges  0x000001b8       0x30 ./source/hello_world.o
 .debug_ranges  0x000001e8       0x10 ./source/semihost_hardfault.o
 .debug_ranges  0x000001f8       0x70 ./littleshell/littleshell.o
 .debug_ranges  0x00000268       0xf0 ./drivers/fsl_clock.o
 .debug_ranges  0x00000358       0x28 ./drivers/fsl_gpio.o
 .debug_ranges  0x00000380       0x20 ./drivers/fsl_reset.o
 .debug_ranges  0x000003a0       0x18 ./drivers/fsl_swm.o
 .debug_ranges  0x000003b8      0x118 ./drivers/fsl_usart.o
 .debug_ranges  0x000004d0       0x20 ./device/system_LPC845.o
 .debug_ranges  0x000004f0       0x40 ./component/uart/fsl_adapter_miniusart.o
 .debug_ranges  0x00000530       0x18 ./board/board.o
 .debug_ranges  0x00000548       0x50 ./board/clock_config.o
 .debug_ranges  0x00000598       0x30 ./board/pin_mux.o

.debug_macro    0x00000000     0x8c0c
 .debug_macro   0x00000000      0x13b ./utilities/fsl_assert.o
 .debug_macro   0x0000013b      0xa78 ./utilities/fsl_assert.o
 .debug_macro   0x00000bb3       0x10 ./utilities/fsl_assert.o
 .debug_macro   0x00000bc3       0x1c ./utilities/fsl_assert.o
 .debug_macro   0x00000bdf       0x22 ./utilities/fsl_assert.o
 .debug_macro   0x00000c01      0x12e ./utilities/fsl_assert.o
 .debug_macro   0x00000d2f      0x5b3 ./utilities/fsl_assert.o
 .debug_macro   0x000012e2       0x22 ./utilities/fsl_assert.o
 .debug_macro   0x00001304       0x10 ./utilities/fsl_assert.o
 .debug_macro   0x00001314       0x3f ./utilities/fsl_assert.o
 .debug_macro   0x00001353       0x1c ./utilities/fsl_assert.o
 .debug_macro   0x0000136f       0x22 ./utilities/fsl_assert.o
 .debug_macro   0x00001391       0xd1 ./utilities/fsl_assert.o
 .debug_macro   0x00001462      0x3ad ./utilities/fsl_assert.o
 .debug_macro   0x0000180f       0x22 ./utilities/fsl_assert.o
 .debug_macro   0x00001831     0x58a3 ./utilities/fsl_assert.o
 .debug_macro   0x000070d4      0x239 ./utilities/fsl_assert.o
 .debug_macro   0x0000730d       0x7a ./utilities/fsl_assert.o
 .debug_macro   0x00007387       0x96 ./utilities/fsl_assert.o
 .debug_macro   0x0000741d      0x125 ./utilities/fsl_assert.o
 .debug_macro   0x00007542       0x16 ./utilities/fsl_assert.o
 .debug_macro   0x00007558       0x81 ./utilities/fsl_assert.o
 .debug_macro   0x000075d9       0x1c ./utilities/fsl_assert.o
 .debug_macro   0x000075f5       0x1c ./utilities/fsl_assert.o
 .debug_macro   0x00007611       0x3a ./utilities/fsl_assert.o
 .debug_macro   0x0000764b      0x16b ./utilities/fsl_debug_console.o
 .debug_macro   0x000077b6       0x16 ./utilities/fsl_debug_console.o
 .debug_macro   0x000077cc       0x10 ./utilities/fsl_debug_console.o
 .debug_macro   0x000077dc       0x28 ./utilities/fsl_debug_console.o
 .debug_macro   0x00007804       0xc4 ./utilities/fsl_debug_console.o
 .debug_macro   0x000078c8       0x16 ./utilities/fsl_debug_console.o
 .debug_macro   0x000078de       0x46 ./utilities/fsl_debug_console.o
 .debug_macro   0x00007924       0x32 ./startup/startup_lpc845.o
 .debug_macro   0x00007956       0x34 ./startup/startup_lpc845.o
 .debug_macro   0x0000798a      0x189 ./source/hello_world.o
 .debug_macro   0x00007b13       0x52 ./source/hello_world.o
 .debug_macro   0x00007b65       0x2e ./source/hello_world.o
 .debug_macro   0x00007b93       0x10 ./source/hello_world.o
 .debug_macro   0x00007ba3       0xf4 ./source/hello_world.o
 .debug_macro   0x00007c97       0x3a ./source/hello_world.o
 .debug_macro   0x00007cd1       0x11 ./source/semihost_hardfault.o
 .debug_macro   0x00007ce2      0x17e ./littleshell/littleshell.o
 .debug_macro   0x00007e60       0xd8 ./littleshell/littleshell.o
 .debug_macro   0x00007f38      0x14e ./drivers/fsl_clock.o
 .debug_macro   0x00008086      0x13a ./drivers/fsl_gpio.o
 .debug_macro   0x000081c0      0x12a ./drivers/fsl_reset.o
 .debug_macro   0x000082ea      0x144 ./drivers/fsl_swm.o
 .debug_macro   0x0000842e      0x139 ./drivers/fsl_usart.o
 .debug_macro   0x00008567       0x1c ./drivers/fsl_usart.o
 .debug_macro   0x00008583       0x97 ./device/system_LPC845.o
 .debug_macro   0x0000861a      0x136 ./component/uart/fsl_adapter_miniusart.o
 .debug_macro   0x00008750       0x22 ./component/uart/fsl_adapter_miniusart.o
 .debug_macro   0x00008772      0x162 ./board/board.o
 .debug_macro   0x000088d4      0x14a ./board/clock_config.o
 .debug_macro   0x00008a1e       0x28 ./board/clock_config.o
 .debug_macro   0x00008a46      0x150 ./board/pin_mux.o
 .debug_macro   0x00008b96       0x76 ./board/pin_mux.o

.debug_line     0x00000000     0x556d
 .debug_line    0x00000000      0x36e ./utilities/fsl_assert.o
 .debug_line    0x0000036e      0x7f3 ./utilities/fsl_debug_console.o
 .debug_line    0x00000b61      0x26f ./startup/startup_lpc845.o
 .debug_line    0x00000dd0      0x4fb ./source/hello_world.o
 .debug_line    0x000012cb       0x59 ./source/semihost_hardfault.o
 .debug_line    0x00001324      0xb30 ./littleshell/littleshell.o
 .debug_line    0x00001e54      0xa13 ./drivers/fsl_clock.o
 .debug_line    0x00002867      0x3a8 ./drivers/fsl_gpio.o
 .debug_line    0x00002c0f      0x375 ./drivers/fsl_reset.o
 .debug_line    0x00002f84      0x3c9 ./drivers/fsl_swm.o
 .debug_line    0x0000334d      0xcac ./drivers/fsl_usart.o
 .debug_line    0x00003ff9      0x3dc ./device/system_LPC845.o
 .debug_line    0x000043d5      0x4f7 ./component/uart/fsl_adapter_miniusart.o
 .debug_line    0x000048cc      0x3fe ./board/board.o
 .debug_line    0x00004cca      0x48e ./board/clock_config.o
 .debug_line    0x00005158      0x415 ./board/pin_mux.o

.debug_str      0x00000000    0x3d4cf
 .debug_str     0x00000000    0x36815 ./utilities/fsl_assert.o
                              0x3689f (size before relaxing)
 .debug_str     0x00036815     0x1932 ./utilities/fsl_debug_console.o
                              0x3822f (size before relaxing)
 .debug_str     0x00038147      0x4cf ./startup/startup_lpc845.o
                               0x3196 (size before relaxing)
 .debug_str     0x00038616     0x16c6 ./source/hello_world.o
                              0x38bc2 (size before relaxing)
 .debug_str     0x00039cdc       0x1f ./source/semihost_hardfault.o
                               0x2cb5 (size before relaxing)
 .debug_str     0x00039cfb      0x5a3 ./littleshell/littleshell.o
                              0x37d50 (size before relaxing)
 .debug_str     0x0003a29e      0x91c ./drivers/fsl_clock.o
                              0x37c55 (size before relaxing)
 .debug_str     0x0003abba      0x518 ./drivers/fsl_gpio.o
                              0x3793f (size before relaxing)
 .debug_str     0x0003b0d2       0xae ./drivers/fsl_reset.o
                              0x36d33 (size before relaxing)
 .debug_str     0x0003b180      0xb13 ./drivers/fsl_swm.o
                              0x3730f (size before relaxing)
 .debug_str     0x0003bc93      0xf44 ./drivers/fsl_usart.o
                              0x38899 (size before relaxing)
 .debug_str     0x0003cbd7       0xd0 ./device/system_LPC845.o
                              0x3512e (size before relaxing)
 .debug_str     0x0003cca7       0xfb ./component/uart/fsl_adapter_miniusart.o
                              0x37c59 (size before relaxing)
 .debug_str     0x0003cda2       0x33 ./board/board.o
                              0x38b10 (size before relaxing)
 .debug_str     0x0003cdd5      0x309 ./board/clock_config.o
                              0x37611 (size before relaxing)
 .debug_str     0x0003d0de      0x3f1 ./board/pin_mux.o
                              0x379ee (size before relaxing)

.comment        0x00000000       0x49
 .comment       0x00000000       0x49 ./utilities/fsl_assert.o
                                 0x4a (size before relaxing)
 .comment       0x00000049       0x4a ./utilities/fsl_debug_console.o
 .comment       0x00000049       0x4a ./startup/startup_lpc845.o
 .comment       0x00000049       0x4a ./source/hello_world.o
 .comment       0x00000049       0x4a ./source/semihost_hardfault.o
 .comment       0x00000049       0x4a ./littleshell/littleshell.o
 .comment       0x00000049       0x4a ./drivers/fsl_clock.o
 .comment       0x00000049       0x4a ./drivers/fsl_gpio.o
 .comment       0x00000049       0x4a ./drivers/fsl_reset.o
 .comment       0x00000049       0x4a ./drivers/fsl_swm.o
 .comment       0x00000049       0x4a ./drivers/fsl_usart.o
 .comment       0x00000049       0x4a ./device/system_LPC845.o
 .comment       0x00000049       0x4a ./component/uart/fsl_adapter_miniusart.o
 .comment       0x00000049       0x4a ./board/board.o
 .comment       0x00000049       0x4a ./board/clock_config.o
 .comment       0x00000049       0x4a ./board/pin_mux.o
 .comment       0x00000049       0x4a c:/nxp/mcuxpressoide_11.7.1_9221/ide/plugins/com.nxp.mcuxpresso.tools.win32_11.7.1.202301190959/tools/bin/../lib/gcc/arm-none-eabi/10.3.1/../../../../arm-none-eabi/lib/thumb/v6-m/nofp\libcr_nohost_nf.a(_cr__main.o)
 .comment       0x00000049       0x4a c:/nxp/mcuxpressoide_11.7.1_9221/ide/plugins/com.nxp.mcuxpresso.tools.win32_11.7.1.202301190959/tools/bin/../lib/gcc/arm-none-eabi/10.3.1/../../../../arm-none-eabi/lib/thumb/v6-m/nofp\libcr_c.a(memcpy.o)
 .comment       0x00000049       0x4a c:/nxp/mcuxpressoide_11.7.1_9221/ide/plugins/com.nxp.mcuxpresso.tools.win32_11.7.1.202301190959/tools/bin/../lib/gcc/arm-none-eabi/10.3.1/../../../../arm-none-eabi/lib/thumb/v6-m/nofp\libcr_c.a(memmove.o)
 .comment       0x00000049       0x4a c:/nxp/mcuxpressoide_11.7.1_9221/ide/plugins/com.nxp.mcuxpresso.tools.win32_11.7.1.202301190959/tools/bin/../lib/gcc/arm-none-eabi/10.3.1/../../../../arm-none-eabi/lib/thumb/v6-m/nofp\libcr_c.a(memset.o)
 .comment       0x00000049       0x4a c:/nxp/mcuxpressoide_11.7.1_9221/ide/plugins/com.nxp.mcuxpresso.tools.win32_11.7.1.202301190959/tools/bin/../lib/gcc/arm-none-eabi/10.3.1/../../../../arm-none-eabi/lib/thumb/v6-m/nofp\libcr_c.a(alloc.o)
 .comment       0x00000049       0x4a c:/nxp/mcuxpressoide_11.7.1_9221/ide/plugins/com.nxp.mcuxpresso.tools.win32_11.7.1.202301190959/tools/bin/../lib/gcc/arm-none-eabi/10.3.1/../../../../arm-none-eabi/lib/thumb/v6-m/nofp\libcr_c.a(errno.o)
 .comment       0x00000049       0x4a c:/nxp/mcuxpressoide_11.7.1_9221/ide/plugins/com.nxp.mcuxpresso.tools.win32_11.7.1.202301190959/tools/bin/../lib/gcc/arm-none-eabi/10.3.1/../../../../arm-none-eabi/lib/thumb/v6-m/nofp\libcr_c.a(initio.o)
 .comment       0x00000049       0x4a c:/nxp/mcuxpressoide_11.7.1_9221/ide/plugins/com.nxp.mcuxpresso.tools.win32_11.7.1.202301190959/tools/bin/../lib/gcc/arm-none-eabi/10.3.1/../../../../arm-none-eabi/lib/thumb/v6-m/nofp\libcr_c.a(memcmp.o)
 .comment       0x00000049       0x4a c:/nxp/mcuxpressoide_11.7.1_9221/ide/plugins/com.nxp.mcuxpresso.tools.win32_11.7.1.202301190959/tools/bin/../lib/gcc/arm-none-eabi/10.3.1/../../../../arm-none-eabi/lib/thumb/v6-m/nofp\libcr_c.a(printf.o)
 .comment       0x00000049       0x4a c:/nxp/mcuxpressoide_11.7.1_9221/ide/plugins/com.nxp.mcuxpresso.tools.win32_11.7.1.202301190959/tools/bin/../lib/gcc/arm-none-eabi/10.3.1/../../../../arm-none-eabi/lib/thumb/v6-m/nofp\libcr_c.a(setvbuf.o)
 .comment       0x00000049       0x4a c:/nxp/mcuxpressoide_11.7.1_9221/ide/plugins/com.nxp.mcuxpresso.tools.win32_11.7.1.202301190959/tools/bin/../lib/gcc/arm-none-eabi/10.3.1/../../../../arm-none-eabi/lib/thumb/v6-m/nofp\libcr_c.a(strcmp.o)
 .comment       0x00000049       0x4a c:/nxp/mcuxpressoide_11.7.1_9221/ide/plugins/com.nxp.mcuxpresso.tools.win32_11.7.1.202301190959/tools/bin/../lib/gcc/arm-none-eabi/10.3.1/../../../../arm-none-eabi/lib/thumb/v6-m/nofp\libcr_c.a(strlen.o)
 .comment       0x00000049       0x4a c:/nxp/mcuxpressoide_11.7.1_9221/ide/plugins/com.nxp.mcuxpresso.tools.win32_11.7.1.202301190959/tools/bin/../lib/gcc/arm-none-eabi/10.3.1/../../../../arm-none-eabi/lib/thumb/v6-m/nofp\libcr_c.a(strncmp.o)
 .comment       0x00000049       0x4a c:/nxp/mcuxpressoide_11.7.1_9221/ide/plugins/com.nxp.mcuxpresso.tools.win32_11.7.1.202301190959/tools/bin/../lib/gcc/arm-none-eabi/10.3.1/../../../../arm-none-eabi/lib/thumb/v6-m/nofp\libcr_c.a(strncpy.o)
 .comment       0x00000049       0x4a c:/nxp/mcuxpressoide_11.7.1_9221/ide/plugins/com.nxp.mcuxpresso.tools.win32_11.7.1.202301190959/tools/bin/../lib/gcc/arm-none-eabi/10.3.1/../../../../arm-none-eabi/lib/thumb/v6-m/nofp\libcr_c.a(__init_alloc.o)
 .comment       0x00000049       0x4a c:/nxp/mcuxpressoide_11.7.1_9221/ide/plugins/com.nxp.mcuxpresso.tools.win32_11.7.1.202301190959/tools/bin/../lib/gcc/arm-none-eabi/10.3.1/../../../../arm-none-eabi/lib/thumb/v6-m/nofp\libcr_c.a(_cr_sbrk.o)
 .comment       0x00000049       0x4a c:/nxp/mcuxpressoide_11.7.1_9221/ide/plugins/com.nxp.mcuxpresso.tools.win32_11.7.1.202301190959/tools/bin/../lib/gcc/arm-none-eabi/10.3.1/../../../../arm-none-eabi/lib/thumb/v6-m/nofp\libcr_c.a(_deferredlazyseek.o)
 .comment       0x00000049       0x4a c:/nxp/mcuxpressoide_11.7.1_9221/ide/plugins/com.nxp.mcuxpresso.tools.win32_11.7.1.202301190959/tools/bin/../lib/gcc/arm-none-eabi/10.3.1/../../../../arm-none-eabi/lib/thumb/v6-m/nofp\libcr_c.a(_fdopen.o)
 .comment       0x00000049       0x4a c:/nxp/mcuxpressoide_11.7.1_9221/ide/plugins/com.nxp.mcuxpresso.tools.win32_11.7.1.202301190959/tools/bin/../lib/gcc/arm-none-eabi/10.3.1/../../../../arm-none-eabi/lib/thumb/v6-m/nofp\libcr_c.a(_fflush.o)
 .comment       0x00000049       0x4a c:/nxp/mcuxpressoide_11.7.1_9221/ide/plugins/com.nxp.mcuxpresso.tools.win32_11.7.1.202301190959/tools/bin/../lib/gcc/arm-none-eabi/10.3.1/../../../../arm-none-eabi/lib/thumb/v6-m/nofp\libcr_c.a(_writebuf.o)
 .comment       0x00000049       0x4a c:/nxp/mcuxpressoide_11.7.1_9221/ide/plugins/com.nxp.mcuxpresso.tools.win32_11.7.1.202301190959/tools/bin/../lib/gcc/arm-none-eabi/10.3.1/../../../../arm-none-eabi/lib/thumb/v6-m/nofp\libcr_c.a(fclose.o)
 .comment       0x00000049       0x4a c:/nxp/mcuxpressoide_11.7.1_9221/ide/plugins/com.nxp.mcuxpresso.tools.win32_11.7.1.202301190959/tools/bin/../lib/gcc/arm-none-eabi/10.3.1/../../../../arm-none-eabi/lib/thumb/v6-m/nofp\libcr_c.a(fflush.o)
 .comment       0x00000049       0x4a c:/nxp/mcuxpressoide_11.7.1_9221/ide/plugins/com.nxp.mcuxpresso.tools.win32_11.7.1.202301190959/tools/bin/../lib/gcc/arm-none-eabi/10.3.1/../../../../arm-none-eabi/lib/thumb/v6-m/nofp\libcr_c.a(fseek.o)
 .comment       0x00000049       0x4a c:/nxp/mcuxpressoide_11.7.1_9221/ide/plugins/com.nxp.mcuxpresso.tools.win32_11.7.1.202301190959/tools/bin/../lib/gcc/arm-none-eabi/10.3.1/../../../../arm-none-eabi/lib/thumb/v6-m/nofp\libcr_c.a(ftell.o)
 .comment       0x00000049       0x4a c:/nxp/mcuxpressoide_11.7.1_9221/ide/plugins/com.nxp.mcuxpresso.tools.win32_11.7.1.202301190959/tools/bin/../lib/gcc/arm-none-eabi/10.3.1/../../../../arm-none-eabi/lib/thumb/v6-m/nofp\libcr_c.a(remove.o)
 .comment       0x00000049       0x4a c:/nxp/mcuxpressoide_11.7.1_9221/ide/plugins/com.nxp.mcuxpresso.tools.win32_11.7.1.202301190959/tools/bin/../lib/gcc/arm-none-eabi/10.3.1/../../../../arm-none-eabi/lib/thumb/v6-m/nofp\libcr_c.a(_cr_check_heap.o)
 .comment       0x00000049       0x4a c:/nxp/mcuxpressoide_11.7.1_9221/ide/plugins/com.nxp.mcuxpresso.tools.win32_11.7.1.202301190959/tools/bin/../lib/gcc/arm-none-eabi/10.3.1/../../../../arm-none-eabi/lib/thumb/v6-m/nofp\libcr_c.a(_do_fflush.o)
 .comment       0x00000049       0x4a c:/nxp/mcuxpressoide_11.7.1_9221/ide/plugins/com.nxp.mcuxpresso.tools.win32_11.7.1.202301190959/tools/bin/../lib/gcc/arm-none-eabi/10.3.1/../../../../arm-none-eabi/lib/thumb/v6-m/nofp\libcr_nohost_nf.a(__ciob.o)
 .comment       0x00000049       0x4a c:/nxp/mcuxpressoide_11.7.1_9221/ide/plugins/com.nxp.mcuxpresso.tools.win32_11.7.1.202301190959/tools/bin/../lib/gcc/arm-none-eabi/10.3.1/../../../../arm-none-eabi/lib/thumb/v6-m/nofp\libcr_nohost_nf.a(__sys_appexit.o)
 .comment       0x00000049       0x4a c:/nxp/mcuxpressoide_11.7.1_9221/ide/plugins/com.nxp.mcuxpresso.tools.win32_11.7.1.202301190959/tools/bin/../lib/gcc/arm-none-eabi/10.3.1/../../../../arm-none-eabi/lib/thumb/v6-m/nofp\libcr_nohost_nf.a(__sys_close.o)
 .comment       0x00000049       0x4a c:/nxp/mcuxpressoide_11.7.1_9221/ide/plugins/com.nxp.mcuxpresso.tools.win32_11.7.1.202301190959/tools/bin/../lib/gcc/arm-none-eabi/10.3.1/../../../../arm-none-eabi/lib/thumb/v6-m/nofp\libcr_nohost_nf.a(__sys_flen.o)
 .comment       0x00000049       0x4a c:/nxp/mcuxpressoide_11.7.1_9221/ide/plugins/com.nxp.mcuxpresso.tools.win32_11.7.1.202301190959/tools/bin/../lib/gcc/arm-none-eabi/10.3.1/../../../../arm-none-eabi/lib/thumb/v6-m/nofp\libcr_nohost_nf.a(__sys_istty.o)
 .comment       0x00000049       0x4a c:/nxp/mcuxpressoide_11.7.1_9221/ide/plugins/com.nxp.mcuxpresso.tools.win32_11.7.1.202301190959/tools/bin/../lib/gcc/arm-none-eabi/10.3.1/../../../../arm-none-eabi/lib/thumb/v6-m/nofp\libcr_nohost_nf.a(__sys_remove.o)
 .comment       0x00000049       0x4a c:/nxp/mcuxpressoide_11.7.1_9221/ide/plugins/com.nxp.mcuxpresso.tools.win32_11.7.1.202301190959/tools/bin/../lib/gcc/arm-none-eabi/10.3.1/../../../../arm-none-eabi/lib/thumb/v6-m/nofp\libcr_nohost_nf.a(__sys_seek.o)
 .comment       0x00000049       0x4a c:/nxp/mcuxpressoide_11.7.1_9221/ide/plugins/com.nxp.mcuxpresso.tools.win32_11.7.1.202301190959/tools/bin/../lib/gcc/arm-none-eabi/10.3.1/../../../../arm-none-eabi/lib/thumb/v6-m/nofp\libcr_nohost_nf.a(__sys_tmpnam.o)
 .comment       0x00000049       0x4a c:/nxp/mcuxpressoide_11.7.1_9221/ide/plugins/com.nxp.mcuxpresso.tools.win32_11.7.1.202301190959/tools/bin/../lib/gcc/arm-none-eabi/10.3.1/../../../../arm-none-eabi/lib/thumb/v6-m/nofp\libcr_nohost_nf.a(__sys_write.o)

.ARM.attributes
                0x00000000       0x2a
 .ARM.attributes
                0x00000000       0x2c ./utilities/fsl_assert.o
 .ARM.attributes
                0x0000002c       0x2c ./utilities/fsl_debug_console.o
 .ARM.attributes
                0x00000058       0x2c ./startup/startup_lpc845.o
 .ARM.attributes
                0x00000084       0x2c ./source/hello_world.o
 .ARM.attributes
                0x000000b0       0x2c ./source/semihost_hardfault.o
 .ARM.attributes
                0x000000dc       0x2c ./littleshell/littleshell.o
 .ARM.attributes
                0x00000108       0x2c ./drivers/fsl_clock.o
 .ARM.attributes
                0x00000134       0x2c ./drivers/fsl_gpio.o
 .ARM.attributes
                0x00000160       0x2c ./drivers/fsl_reset.o
 .ARM.attributes
                0x0000018c       0x2c ./drivers/fsl_swm.o
 .ARM.attributes
                0x000001b8       0x2c ./drivers/fsl_usart.o
 .ARM.attributes
                0x000001e4       0x2c ./device/system_LPC845.o
 .ARM.attributes
                0x00000210       0x2c ./component/uart/fsl_adapter_miniusart.o
 .ARM.attributes
                0x0000023c       0x2c ./board/board.o
 .ARM.attributes
                0x00000268       0x2c ./board/clock_config.o
 .ARM.attributes
                0x00000294       0x2c ./board/pin_mux.o
 .ARM.attributes
                0x000002c0       0x2c c:/nxp/mcuxpressoide_11.7.1_9221/ide/plugins/com.nxp.mcuxpresso.tools.win32_11.7.1.202301190959/tools/bin/../lib/gcc/arm-none-eabi/10.3.1/../../../../arm-none-eabi/lib/thumb/v6-m/nofp\libcr_nohost_nf.a(_cr__main.o)
 .ARM.attributes
                0x000002ec       0x2c c:/nxp/mcuxpressoide_11.7.1_9221/ide/plugins/com.nxp.mcuxpresso.tools.win32_11.7.1.202301190959/tools/bin/../lib/gcc/arm-none-eabi/10.3.1/../../../../arm-none-eabi/lib/thumb/v6-m/nofp\libcr_c.a(memcpy.o)
 .ARM.attributes
                0x00000318       0x2c c:/nxp/mcuxpressoide_11.7.1_9221/ide/plugins/com.nxp.mcuxpresso.tools.win32_11.7.1.202301190959/tools/bin/../lib/gcc/arm-none-eabi/10.3.1/../../../../arm-none-eabi/lib/thumb/v6-m/nofp\libcr_c.a(memmove.o)
 .ARM.attributes
                0x00000344       0x2c c:/nxp/mcuxpressoide_11.7.1_9221/ide/plugins/com.nxp.mcuxpresso.tools.win32_11.7.1.202301190959/tools/bin/../lib/gcc/arm-none-eabi/10.3.1/../../../../arm-none-eabi/lib/thumb/v6-m/nofp\libcr_c.a(memset.o)
 .ARM.attributes
                0x00000370       0x2c c:/nxp/mcuxpressoide_11.7.1_9221/ide/plugins/com.nxp.mcuxpresso.tools.win32_11.7.1.202301190959/tools/bin/../lib/gcc/arm-none-eabi/10.3.1/../../../../arm-none-eabi/lib/thumb/v6-m/nofp\libcr_c.a(alloc.o)
 .ARM.attributes
                0x0000039c       0x2c c:/nxp/mcuxpressoide_11.7.1_9221/ide/plugins/com.nxp.mcuxpresso.tools.win32_11.7.1.202301190959/tools/bin/../lib/gcc/arm-none-eabi/10.3.1/../../../../arm-none-eabi/lib/thumb/v6-m/nofp\libcr_c.a(errno.o)
 .ARM.attributes
                0x000003c8       0x2c c:/nxp/mcuxpressoide_11.7.1_9221/ide/plugins/com.nxp.mcuxpresso.tools.win32_11.7.1.202301190959/tools/bin/../lib/gcc/arm-none-eabi/10.3.1/../../../../arm-none-eabi/lib/thumb/v6-m/nofp\libcr_c.a(initio.o)
 .ARM.attributes
                0x000003f4       0x2c c:/nxp/mcuxpressoide_11.7.1_9221/ide/plugins/com.nxp.mcuxpresso.tools.win32_11.7.1.202301190959/tools/bin/../lib/gcc/arm-none-eabi/10.3.1/../../../../arm-none-eabi/lib/thumb/v6-m/nofp\libcr_c.a(memcmp.o)
 .ARM.attributes
                0x00000420       0x2c c:/nxp/mcuxpressoide_11.7.1_9221/ide/plugins/com.nxp.mcuxpresso.tools.win32_11.7.1.202301190959/tools/bin/../lib/gcc/arm-none-eabi/10.3.1/../../../../arm-none-eabi/lib/thumb/v6-m/nofp\libcr_c.a(printf.o)
 .ARM.attributes
                0x0000044c       0x2c c:/nxp/mcuxpressoide_11.7.1_9221/ide/plugins/com.nxp.mcuxpresso.tools.win32_11.7.1.202301190959/tools/bin/../lib/gcc/arm-none-eabi/10.3.1/../../../../arm-none-eabi/lib/thumb/v6-m/nofp\libcr_c.a(setvbuf.o)
 .ARM.attributes
                0x00000478       0x2c c:/nxp/mcuxpressoide_11.7.1_9221/ide/plugins/com.nxp.mcuxpresso.tools.win32_11.7.1.202301190959/tools/bin/../lib/gcc/arm-none-eabi/10.3.1/../../../../arm-none-eabi/lib/thumb/v6-m/nofp\libcr_c.a(strcmp.o)
 .ARM.attributes
                0x000004a4       0x2c c:/nxp/mcuxpressoide_11.7.1_9221/ide/plugins/com.nxp.mcuxpresso.tools.win32_11.7.1.202301190959/tools/bin/../lib/gcc/arm-none-eabi/10.3.1/../../../../arm-none-eabi/lib/thumb/v6-m/nofp\libcr_c.a(strlen.o)
 .ARM.attributes
                0x000004d0       0x2c c:/nxp/mcuxpressoide_11.7.1_9221/ide/plugins/com.nxp.mcuxpresso.tools.win32_11.7.1.202301190959/tools/bin/../lib/gcc/arm-none-eabi/10.3.1/../../../../arm-none-eabi/lib/thumb/v6-m/nofp\libcr_c.a(strncmp.o)
 .ARM.attributes
                0x000004fc       0x2c c:/nxp/mcuxpressoide_11.7.1_9221/ide/plugins/com.nxp.mcuxpresso.tools.win32_11.7.1.202301190959/tools/bin/../lib/gcc/arm-none-eabi/10.3.1/../../../../arm-none-eabi/lib/thumb/v6-m/nofp\libcr_c.a(strncpy.o)
 .ARM.attributes
                0x00000528       0x2c c:/nxp/mcuxpressoide_11.7.1_9221/ide/plugins/com.nxp.mcuxpresso.tools.win32_11.7.1.202301190959/tools/bin/../lib/gcc/arm-none-eabi/10.3.1/../../../../arm-none-eabi/lib/thumb/v6-m/nofp\libcr_c.a(__init_alloc.o)
 .ARM.attributes
                0x00000554       0x2c c:/nxp/mcuxpressoide_11.7.1_9221/ide/plugins/com.nxp.mcuxpresso.tools.win32_11.7.1.202301190959/tools/bin/../lib/gcc/arm-none-eabi/10.3.1/../../../../arm-none-eabi/lib/thumb/v6-m/nofp\libcr_c.a(_cr_sbrk.o)
 .ARM.attributes
                0x00000580       0x2c c:/nxp/mcuxpressoide_11.7.1_9221/ide/plugins/com.nxp.mcuxpresso.tools.win32_11.7.1.202301190959/tools/bin/../lib/gcc/arm-none-eabi/10.3.1/../../../../arm-none-eabi/lib/thumb/v6-m/nofp\libcr_c.a(_deferredlazyseek.o)
 .ARM.attributes
                0x000005ac       0x2c c:/nxp/mcuxpressoide_11.7.1_9221/ide/plugins/com.nxp.mcuxpresso.tools.win32_11.7.1.202301190959/tools/bin/../lib/gcc/arm-none-eabi/10.3.1/../../../../arm-none-eabi/lib/thumb/v6-m/nofp\libcr_c.a(_fdopen.o)
 .ARM.attributes
                0x000005d8       0x2c c:/nxp/mcuxpressoide_11.7.1_9221/ide/plugins/com.nxp.mcuxpresso.tools.win32_11.7.1.202301190959/tools/bin/../lib/gcc/arm-none-eabi/10.3.1/../../../../arm-none-eabi/lib/thumb/v6-m/nofp\libcr_c.a(_fflush.o)
 .ARM.attributes
                0x00000604       0x2c c:/nxp/mcuxpressoide_11.7.1_9221/ide/plugins/com.nxp.mcuxpresso.tools.win32_11.7.1.202301190959/tools/bin/../lib/gcc/arm-none-eabi/10.3.1/../../../../arm-none-eabi/lib/thumb/v6-m/nofp\libcr_c.a(_writebuf.o)
 .ARM.attributes
                0x00000630       0x2c c:/nxp/mcuxpressoide_11.7.1_9221/ide/plugins/com.nxp.mcuxpresso.tools.win32_11.7.1.202301190959/tools/bin/../lib/gcc/arm-none-eabi/10.3.1/../../../../arm-none-eabi/lib/thumb/v6-m/nofp\libcr_c.a(fclose.o)
 .ARM.attributes
                0x0000065c       0x2c c:/nxp/mcuxpressoide_11.7.1_9221/ide/plugins/com.nxp.mcuxpresso.tools.win32_11.7.1.202301190959/tools/bin/../lib/gcc/arm-none-eabi/10.3.1/../../../../arm-none-eabi/lib/thumb/v6-m/nofp\libcr_c.a(fflush.o)
 .ARM.attributes
                0x00000688       0x2c c:/nxp/mcuxpressoide_11.7.1_9221/ide/plugins/com.nxp.mcuxpresso.tools.win32_11.7.1.202301190959/tools/bin/../lib/gcc/arm-none-eabi/10.3.1/../../../../arm-none-eabi/lib/thumb/v6-m/nofp\libcr_c.a(fseek.o)
 .ARM.attributes
                0x000006b4       0x2c c:/nxp/mcuxpressoide_11.7.1_9221/ide/plugins/com.nxp.mcuxpresso.tools.win32_11.7.1.202301190959/tools/bin/../lib/gcc/arm-none-eabi/10.3.1/../../../../arm-none-eabi/lib/thumb/v6-m/nofp\libcr_c.a(ftell.o)
 .ARM.attributes
                0x000006e0       0x2c c:/nxp/mcuxpressoide_11.7.1_9221/ide/plugins/com.nxp.mcuxpresso.tools.win32_11.7.1.202301190959/tools/bin/../lib/gcc/arm-none-eabi/10.3.1/../../../../arm-none-eabi/lib/thumb/v6-m/nofp\libcr_c.a(remove.o)
 .ARM.attributes
                0x0000070c       0x2c c:/nxp/mcuxpressoide_11.7.1_9221/ide/plugins/com.nxp.mcuxpresso.tools.win32_11.7.1.202301190959/tools/bin/../lib/gcc/arm-none-eabi/10.3.1/../../../../arm-none-eabi/lib/thumb/v6-m/nofp\libcr_c.a(_cr_check_heap.o)
 .ARM.attributes
                0x00000738       0x2c c:/nxp/mcuxpressoide_11.7.1_9221/ide/plugins/com.nxp.mcuxpresso.tools.win32_11.7.1.202301190959/tools/bin/../lib/gcc/arm-none-eabi/10.3.1/../../../../arm-none-eabi/lib/thumb/v6-m/nofp\libcr_c.a(_do_fflush.o)
 .ARM.attributes
                0x00000764       0x1c c:/nxp/mcuxpressoide_11.7.1_9221/ide/plugins/com.nxp.mcuxpresso.tools.win32_11.7.1.202301190959/tools/bin/../lib/gcc/arm-none-eabi/10.3.1/thumb/v6-m/nofp\libcr_eabihelpers.a(division_32.o)
 .ARM.attributes
                0x00000780       0x1c c:/nxp/mcuxpressoide_11.7.1_9221/ide/plugins/com.nxp.mcuxpresso.tools.win32_11.7.1.202301190959/tools/bin/../lib/gcc/arm-none-eabi/10.3.1/thumb/v6-m/nofp\libcr_eabihelpers.a(division_idiv0.o)
 .ARM.attributes
                0x0000079c       0x1c c:/nxp/mcuxpressoide_11.7.1_9221/ide/plugins/com.nxp.mcuxpresso.tools.win32_11.7.1.202301190959/tools/bin/../lib/gcc/arm-none-eabi/10.3.1/thumb/v6-m/nofp\libcr_eabihelpers.a(llong.o)
 .ARM.attributes
                0x000007b8       0x1c c:/nxp/mcuxpressoide_11.7.1_9221/ide/plugins/com.nxp.mcuxpresso.tools.win32_11.7.1.202301190959/tools/bin/../lib/gcc/arm-none-eabi/10.3.1/thumb/v6-m/nofp\libcr_eabihelpers.a(memcpy.o)
 .ARM.attributes
                0x000007d4       0x1c c:/nxp/mcuxpressoide_11.7.1_9221/ide/plugins/com.nxp.mcuxpresso.tools.win32_11.7.1.202301190959/tools/bin/../lib/gcc/arm-none-eabi/10.3.1/thumb/v6-m/nofp\libcr_eabihelpers.a(thumb1_switch_helpers.o)
 .ARM.attributes
                0x000007f0       0x2c c:/nxp/mcuxpressoide_11.7.1_9221/ide/plugins/com.nxp.mcuxpresso.tools.win32_11.7.1.202301190959/tools/bin/../lib/gcc/arm-none-eabi/10.3.1/../../../../arm-none-eabi/lib/thumb/v6-m/nofp\libcr_nohost_nf.a(__ciob.o)
 .ARM.attributes
                0x0000081c       0x2c c:/nxp/mcuxpressoide_11.7.1_9221/ide/plugins/com.nxp.mcuxpresso.tools.win32_11.7.1.202301190959/tools/bin/../lib/gcc/arm-none-eabi/10.3.1/../../../../arm-none-eabi/lib/thumb/v6-m/nofp\libcr_nohost_nf.a(__sys_appexit.o)
 .ARM.attributes
                0x00000848       0x2c c:/nxp/mcuxpressoide_11.7.1_9221/ide/plugins/com.nxp.mcuxpresso.tools.win32_11.7.1.202301190959/tools/bin/../lib/gcc/arm-none-eabi/10.3.1/../../../../arm-none-eabi/lib/thumb/v6-m/nofp\libcr_nohost_nf.a(__sys_close.o)
 .ARM.attributes
                0x00000874       0x2c c:/nxp/mcuxpressoide_11.7.1_9221/ide/plugins/com.nxp.mcuxpresso.tools.win32_11.7.1.202301190959/tools/bin/../lib/gcc/arm-none-eabi/10.3.1/../../../../arm-none-eabi/lib/thumb/v6-m/nofp\libcr_nohost_nf.a(__sys_flen.o)
 .ARM.attributes
                0x000008a0       0x2c c:/nxp/mcuxpressoide_11.7.1_9221/ide/plugins/com.nxp.mcuxpresso.tools.win32_11.7.1.202301190959/tools/bin/../lib/gcc/arm-none-eabi/10.3.1/../../../../arm-none-eabi/lib/thumb/v6-m/nofp\libcr_nohost_nf.a(__sys_istty.o)
 .ARM.attributes
                0x000008cc       0x2c c:/nxp/mcuxpressoide_11.7.1_9221/ide/plugins/com.nxp.mcuxpresso.tools.win32_11.7.1.202301190959/tools/bin/../lib/gcc/arm-none-eabi/10.3.1/../../../../arm-none-eabi/lib/thumb/v6-m/nofp\libcr_nohost_nf.a(__sys_remove.o)
 .ARM.attributes
                0x000008f8       0x2c c:/nxp/mcuxpressoide_11.7.1_9221/ide/plugins/com.nxp.mcuxpresso.tools.win32_11.7.1.202301190959/tools/bin/../lib/gcc/arm-none-eabi/10.3.1/../../../../arm-none-eabi/lib/thumb/v6-m/nofp\libcr_nohost_nf.a(__sys_seek.o)
 .ARM.attributes
                0x00000924       0x2c c:/nxp/mcuxpressoide_11.7.1_9221/ide/plugins/com.nxp.mcuxpresso.tools.win32_11.7.1.202301190959/tools/bin/../lib/gcc/arm-none-eabi/10.3.1/../../../../arm-none-eabi/lib/thumb/v6-m/nofp\libcr_nohost_nf.a(__sys_tmpnam.o)
 .ARM.attributes
                0x00000950       0x2c c:/nxp/mcuxpressoide_11.7.1_9221/ide/plugins/com.nxp.mcuxpresso.tools.win32_11.7.1.202301190959/tools/bin/../lib/gcc/arm-none-eabi/10.3.1/../../../../arm-none-eabi/lib/thumb/v6-m/nofp\libcr_nohost_nf.a(__sys_write.o)

.debug_frame    0x00000000     0x1454
 .debug_frame   0x00000000       0x30 ./utilities/fsl_assert.o
 .debug_frame   0x00000030      0x150 ./utilities/fsl_debug_console.o
 .debug_frame   0x00000180      0x3a8 ./startup/startup_lpc845.o
 .debug_frame   0x00000528       0xb0 ./source/hello_world.o
 .debug_frame   0x000005d8       0x20 ./source/semihost_hardfault.o
 .debug_frame   0x000005f8      0x1b0 ./littleshell/littleshell.o
 .debug_frame   0x000007a8      0x3ac ./drivers/fsl_clock.o
 .debug_frame   0x00000b54       0x90 ./drivers/fsl_gpio.o
 .debug_frame   0x00000be4       0x70 ./drivers/fsl_reset.o
 .debug_frame   0x00000c54       0x50 ./drivers/fsl_swm.o
 .debug_frame   0x00000ca4      0x43c ./drivers/fsl_usart.o
 .debug_frame   0x000010e0       0x68 ./device/system_LPC845.o
 .debug_frame   0x00001148       0xf0 ./component/uart/fsl_adapter_miniusart.o
 .debug_frame   0x00001238       0x50 ./board/board.o
 .debug_frame   0x00001288      0x120 ./board/clock_config.o
 .debug_frame   0x000013a8       0xac ./board/pin_mux.o

Cross Reference Table

Symbol                                            File
ADC0_OVR_DriverIRQHandler                         ./startup/startup_lpc845.o
ADC0_OVR_IRQHandler                               ./startup/startup_lpc845.o
ADC0_SEQA_DriverIRQHandler                        ./startup/startup_lpc845.o
ADC0_SEQA_IRQHandler                              ./startup/startup_lpc845.o
ADC0_SEQB_DriverIRQHandler                        ./startup/startup_lpc845.o
ADC0_SEQB_IRQHandler                              ./startup/startup_lpc845.o
ADC0_THCMP_DriverIRQHandler                       ./startup/startup_lpc845.o
ADC0_THCMP_IRQHandler                             ./startup/startup_lpc845.o
BOARD_BootClockFRO18M                             ./board/clock_config.o
BOARD_BootClockFRO24M                             ./board/clock_config.o
BOARD_BootClockFRO30M                             ./board/clock_config.o
                                                  ./source/hello_world.o
BOARD_BootClockPll24M                             ./board/clock_config.o
BOARD_InitBootClocks                              ./board/clock_config.o
BOARD_InitBootPins                                ./board/pin_mux.o
                                                  ./source/hello_world.o
BOARD_InitDebugConsole                            ./board/board.o
                                                  ./source/hello_world.o
BOARD_InitPins                                    ./board/pin_mux.o
BOD_DriverIRQHandler                              ./startup/startup_lpc845.o
BOD_IRQHandler                                    ./startup/startup_lpc845.o
CLOCK_GetClockOutClkFreq                          ./drivers/fsl_clock.o
CLOCK_GetFRG0ClkFreq                              ./drivers/fsl_clock.o
CLOCK_GetFRG1ClkFreq                              ./drivers/fsl_clock.o
CLOCK_GetFreq                                     ./drivers/fsl_clock.o
CLOCK_GetFroFreq                                  ./drivers/fsl_clock.o
CLOCK_GetMainClkFreq                              ./drivers/fsl_clock.o
                                                  ./board/board.o
CLOCK_GetSystemPLLInClockRate                     ./drivers/fsl_clock.o
CLOCK_GetUart0ClkFreq                             ./drivers/fsl_clock.o
CLOCK_GetUart1ClkFreq                             ./drivers/fsl_clock.o
CLOCK_GetUart2ClkFreq                             ./drivers/fsl_clock.o
CLOCK_GetUart3ClkFreq                             ./drivers/fsl_clock.o
CLOCK_GetUart4ClkFreq                             ./drivers/fsl_clock.o
CLOCK_InitExtClkin                                ./drivers/fsl_clock.o
CLOCK_InitSysOsc                                  ./drivers/fsl_clock.o
CLOCK_InitSystemPll                               ./drivers/fsl_clock.o
                                                  ./board/clock_config.o
CLOCK_InitWdtOsc                                  ./drivers/fsl_clock.o
CLOCK_InitXtalin                                  ./drivers/fsl_clock.o
CLOCK_SetFRG0ClkFreq                              ./drivers/fsl_clock.o
CLOCK_SetFRG1ClkFreq                              ./drivers/fsl_clock.o
CLOCK_SetFroOutClkSrc                             ./drivers/fsl_clock.o
                                                  ./board/clock_config.o
CLOCK_SetMainClkSrc                               ./drivers/fsl_clock.o
                                                  ./board/clock_config.o
CMP_CAPT_DriverIRQHandler                         ./startup/startup_lpc845.o
CMP_CAPT_IRQHandler                               ./startup/startup_lpc845.o
CRP_WORD                                          ./startup/startup_lpc845.o
CTIMER0_DriverIRQHandler                          ./startup/startup_lpc845.o
CTIMER0_IRQHandler                                ./startup/startup_lpc845.o
DAC0_DriverIRQHandler                             ./startup/startup_lpc845.o
DAC0_IRQHandler                                   ./startup/startup_lpc845.o
DMA0_DriverIRQHandler                             ./startup/startup_lpc845.o
DMA0_IRQHandler                                   ./startup/startup_lpc845.o
DbgConsole_Deinit                                 ./utilities/fsl_debug_console.o
DbgConsole_Getchar                                ./utilities/fsl_debug_console.o
                                                  ./littleshell/littleshell.o
DbgConsole_Init                                   ./utilities/fsl_debug_console.o
                                                  ./board/board.o
DbgConsole_Printf                                 ./utilities/fsl_debug_console.o
                                                  ./littleshell/littleshell.o
                                                  ./source/hello_world.o
                                                  ./utilities/fsl_assert.o
DbgConsole_Putchar                                ./utilities/fsl_debug_console.o
DbgConsole_Scanf                                  ./utilities/fsl_debug_console.o
DbgConsole_Vprintf                                ./utilities/fsl_debug_console.o
DisableDeepSleepIRQ                               ./drivers/fsl_power.o
EnableDeepSleepIRQ                                ./drivers/fsl_power.o
ExtClockIn                                        ./board/board.o
FLASH_DriverIRQHandler                            ./startup/startup_lpc845.o
FLASH_IRQHandler                                  ./startup/startup_lpc845.o
GPIO_PinInit                                      ./drivers/fsl_gpio.o
                                                  ./source/hello_world.o
GPIO_PortInit                                     ./drivers/fsl_gpio.o
                                                  ./source/hello_world.o
HAL_UartDeinit                                    ./component/uart/fsl_adapter_miniusart.o
                                                  ./utilities/fsl_debug_console.o
HAL_UartEnterLowpower                             ./component/uart/fsl_adapter_miniusart.o
HAL_UartExitLowpower                              ./component/uart/fsl_adapter_miniusart.o
HAL_UartInit                                      ./component/uart/fsl_adapter_miniusart.o
                                                  ./utilities/fsl_debug_console.o
HAL_UartReceiveBlocking                           ./component/uart/fsl_adapter_miniusart.o
                                                  ./utilities/fsl_debug_console.o
HAL_UartSendBlocking                              ./component/uart/fsl_adapter_miniusart.o
                                                  ./utilities/fsl_debug_console.o
HardFault_Handler                                 ./source/semihost_hardfault.o
                                                  ./startup/startup_lpc845.o
I2C0_DriverIRQHandler                             ./startup/startup_lpc845.o
I2C0_IRQHandler                                   ./startup/startup_lpc845.o
I2C1_DriverIRQHandler                             ./startup/startup_lpc845.o
I2C1_IRQHandler                                   ./startup/startup_lpc845.o
I2C2_DriverIRQHandler                             ./startup/startup_lpc845.o
I2C2_IRQHandler                                   ./startup/startup_lpc845.o
I2C3_DriverIRQHandler                             ./startup/startup_lpc845.o
I2C3_IRQHandler                                   ./startup/startup_lpc845.o
INPUTMUX_AttachSignal                             ./drivers/fsl_inputmux.o
INPUTMUX_Deinit                                   ./drivers/fsl_inputmux.o
INPUTMUX_Init                                     ./drivers/fsl_inputmux.o
IntDefaultHandler                                 ./startup/startup_lpc845.o
MRT0_DriverIRQHandler                             ./startup/startup_lpc845.o
MRT0_IRQHandler                                   ./startup/startup_lpc845.o
NMI_Handler                                       ./startup/startup_lpc845.o
PIN_INT0_DriverIRQHandler                         ./startup/startup_lpc845.o
PIN_INT0_IRQHandler                               ./startup/startup_lpc845.o
PIN_INT1_DriverIRQHandler                         ./startup/startup_lpc845.o
PIN_INT1_IRQHandler                               ./startup/startup_lpc845.o
PIN_INT2_DriverIRQHandler                         ./startup/startup_lpc845.o
PIN_INT2_IRQHandler                               ./startup/startup_lpc845.o
PIN_INT3_DriverIRQHandler                         ./startup/startup_lpc845.o
PIN_INT3_IRQHandler                               ./startup/startup_lpc845.o
PIN_INT4_DriverIRQHandler                         ./startup/startup_lpc845.o
PIN_INT4_IRQHandler                               ./startup/startup_lpc845.o
PIN_INT5_DAC1_DriverIRQHandler                    ./startup/startup_lpc845.o
PIN_INT5_DAC1_IRQHandler                          ./startup/startup_lpc845.o
PIN_INT6_USART3_DriverIRQHandler                  ./drivers/fsl_usart.o
                                                  ./startup/startup_lpc845.o
PIN_INT6_USART3_IRQHandler                        ./startup/startup_lpc845.o
PIN_INT7_USART4_DriverIRQHandler                  ./drivers/fsl_usart.o
                                                  ./startup/startup_lpc845.o
PIN_INT7_USART4_IRQHandler                        ./startup/startup_lpc845.o
POWER_EnterDeepPowerDownMode                      ./drivers/fsl_power.o
POWER_EnterDeepSleep                              ./drivers/fsl_power.o
POWER_EnterPowerDown                              ./drivers/fsl_power.o
POWER_EnterSleep                                  ./drivers/fsl_power.o
PendSV_Handler                                    ./startup/startup_lpc845.o
RESET_PeripheralReset                             ./drivers/fsl_reset.o
                                                  ./board/board.o
                                                  ./drivers/fsl_usart.o
                                                  ./drivers/fsl_gpio.o
Reserved22_DriverIRQHandler                       ./startup/startup_lpc845.o
Reserved22_IRQHandler                             ./startup/startup_lpc845.o
ResetISR                                          ./startup/startup_lpc845.o
SCT0_DriverIRQHandler                             ./startup/startup_lpc845.o
SCT0_IRQHandler                                   ./startup/startup_lpc845.o
SDK_DelayAtLeastUs                                ./drivers/fsl_common_arm.o
                                                  ./drivers/fsl_clock.o
SDK_Free                                          ./drivers/fsl_common.o
SDK_Malloc                                        ./drivers/fsl_common.o
SPI0_DriverIRQHandler                             ./startup/startup_lpc845.o
SPI0_IRQHandler                                   ./startup/startup_lpc845.o
SPI1_DriverIRQHandler                             ./startup/startup_lpc845.o
SPI1_IRQHandler                                   ./startup/startup_lpc845.o
SVC_Handler                                       ./startup/startup_lpc845.o
SWM_SetFixedPinSelect                             ./drivers/fsl_swm.o
SWM_SetMovablePinSelect                           ./drivers/fsl_swm.o
                                                  ./board/pin_mux.o
SYSCON_AttachSignal                               ./drivers/fsl_syscon.o
StrFormatPrintf                                   ./utilities/fsl_str.o
StrFormatScanf                                    ./utilities/fsl_str.o
                                                  ./utilities/fsl_debug_console.o
SysTick_Handler                                   ./startup/startup_lpc845.o
SystemCoreClock                                   ./device/system_LPC845.o
                                                  ./board/clock_config.o
SystemCoreClockUpdate                             ./device/system_LPC845.o
SystemInit                                        ./device/system_LPC845.o
                                                  ./startup/startup_lpc845.o
SystemInitHook                                    ./device/system_LPC845.o
USART0_DriverIRQHandler                           ./drivers/fsl_usart.o
                                                  ./startup/startup_lpc845.o
USART0_IRQHandler                                 ./startup/startup_lpc845.o